Microchip MPLAB XC8 Compiler V3.10

Linker command line:

-W-3 \
  --edf=C:\Program Files\Microchip\xc8\v3.10\pic\dat\20250813170317_en.msgs \
  -cn -h+dist/default/production\ADC-Sensor.X.production.sym \
  --cmf=dist/default/production\ADC-Sensor.X.production.cmf -z -Q18F4550 \
  -oC:\Users\mcmin\AppData\Local\Temp\xcAsfbk.0\driver_tmp_3.o \
  --defsym=__MPLAB_BUILD=1 --fixupoverflow=error \
  -Mdist/default/production/ADC-Sensor.X.production.map \
  --md=C:\Users\mcmin\AppData\Local\Temp\xcAsfbk.0\driver_tmp_0.dat -E1 \
  -ver=XC8 Compiler -ACODE=00h-07FFFh -ACONST=00h-07FFFh \
  -ASMALLCONST=0800h-08FFhx120 -AMEDIUMCONST=0800h-07FFFh -ACOMRAM=01h-05Fh \
  -AABS1=00h-07FFh -ABIGRAM=01h-07FFh -ARAM=060h-0FFh,0100h-01FFhx7 \
  -ABANK0=060h-0FFh -ABANK1=0100h-01FFh -ABANK2=0200h-02FFh \
  -ABANK3=0300h-03FFh -ABANK4=0400h-04FFh -ABANK5=0500h-05FFh \
  -ABANK6=0600h-06FFh -ABANK7=0700h-07FFh -ASFR=0F60h-0FFFh \
  -ABIGSFR=0F60h-0FFFh -ACONFIG=0300000h-030000Dh -AIDLOC=0200000h-0200007h \
  -AEEDATA=0F00000h-0F000FFh -peeprom_data=EEDATA \
  -preset_vec=00h,intcode=8h,intcodelo=18h,sivt_lo,sivt_hi=CODE \
  -ppowerup=CODE,init -pramtop=0800h -psmallconst=SMALLCONST \
  -pmediumconst=MEDIUMCONST -pconst=CONST -AFARRAM=00h-00h \
  -prdata=COMRAM,nvrram=COMRAM,nvbit=COMRAM,rbss=COMRAM,rbit=COMRAM \
  -pfarbss=FARRAM,fardata=FARRAM,nvFARRAM=FARRAM \
  -pintsave_regs=BIGRAM,bigbss=BIGRAM,bigdata=BIGRAM -pbss=RAM \
  -pidata=CODE,irdata=CODE,ibigdata=CODE,ifardata=CODE -prparam=COMRAM \
  C:\Users\mcmin\AppData\Local\Temp\xcAsfbk.0\driver_tmp_9.o \
  dist/default/production\ADC-Sensor.X.production.o 

Object code version is 3.11

Machine type is 18F4550



                Name                               Link     Load   Length Selector   Space Scale
C:\Users\mcmin\AppData\Local\Temp\xcAsfbk.0\driver_tmp_9.o
                config                           300000   300000        2        0       4
                init                               7FFC     7FFC        4     3FFE       0
                reset_vec                             0        0        4        0       0
dist/default/production\ADC-Sensor.X.production.o
                config                           300000   300000        2        0       4
                smallconst                          800      800       18      400       0
                text15                              BEA      BEA       C0      40C       0
                text14                              E6A      E6A       2E      40C       0
                text13                              EEA      EEA       22      40C       0
                text12                              EC4      EC4       26      40C       0
                text11                              D40      D40       78      40C       0
                text10                              DB8      DB8       44      40C       0
                text9                               F26      F26       16      40C       0
                text8                               F3C      F3C        C      40C       0
                text7                               CAA      CAA       96      40C       0
                text6                               F0C      F0C       1A      40C       0
                text5                               E98      E98       2C      40C       0
                text4                               818      818      10A      40C       0
                text3                               B00      B00       EA      40C       0
                text2                               922      922       F0      40C       0
                text1                               E36      E36       34      40C       0
                text0                               A12      A12       EE      40C       0
                cstackCOMRAM                          1        1       28        1       1
                dataCOMRAM                           30       30        4        1       1
                bssCOMRAM                            29       29        7        1       1
                cinit                               DFC      DFC       3A      40C       0
                idataCOMRAM                         F48      F48        4      40C       0

TOTAL           Name                               Link     Load   Length     Space
        CLASS   CODE           
                init                               7FFC     7FFC        4         0
                reset_vec                             0        0        4         0
                text15                              BEA      BEA       C0         0
                text14                              E6A      E6A       2E         0
                text13                              EEA      EEA       22         0
                text12                              EC4      EC4       26         0
                text11                              D40      D40       78         0
                text10                              DB8      DB8       44         0
                text9                               F26      F26       16         0
                text8                               F3C      F3C        C         0
                text7                               CAA      CAA       96         0
                text6                               F0C      F0C       1A         0
                text5                               E98      E98       2C         0
                text4                               818      818      10A         0
                text3                               B00      B00       EA         0
                text2                               922      922       F0         0
                text1                               E36      E36       34         0
                text0                               A12      A12       EE         0
                cinit                               DFC      DFC       3A         0
                idataCOMRAM                         F48      F48        4         0

        CLASS   CONST          

        CLASS   SMALLCONST     
                smallconst                          800      800       18         0

        CLASS   MEDIUMCONST    

        CLASS   COMRAM         
                cstackCOMRAM                          1        1       28         1
                dataCOMRAM                           30       30        4         1
                bssCOMRAM                            29       29        7         1

        CLASS   ABS1           

        CLASS   BIGRAM         

        CLASS   RAM            

        CLASS   BANK0          

        CLASS   BANK1          

        CLASS   BANK2          

        CLASS   BANK3          

        CLASS   BANK4          

        CLASS   BANK5          

        CLASS   BANK6          

        CLASS   BANK7          

        CLASS   SFR            

        CLASS   BIGSFR         

        CLASS   CONFIG         
                config                           300000   300000        2         4

        CLASS   IDLOC          

        CLASS   EEDATA         

        CLASS   FARRAM         

        CLASS   HEAP           

        CLASS   STACK          



SEGMENTS        Name                           Load    Length   Top    Selector   Space  Class

                reset_vec                      000000  000004  000004         0       0  CODE    
                cstackCOMRAM                   000001  000033  000034         1       1  COMRAM  
                smallconst                     000800  000018  000818       400       0  SMALLCON
                text4                          000818  000734  000F4C       40C       0  CODE    
                init                           007FFC  000004  008000      3FFE       0  CODE    


UNUSED ADDRESS RANGES

        Name                Unused          Largest block    Delta
        BANK0            000060-0000FF               A0
        BANK1            000100-0001FF              100
        BANK2            000200-0002FF              100
        BANK3            000300-0003FF              100
        BANK4            000400-0004FF              100
        BANK5            000500-0005FF              100
        BANK6            000600-0006FF              100
        BANK7            000700-0007FF              100
        BIGRAM           000034-0007FF              7CC
        BIGSFR           000F60-000FFF               A0
        CODE             000004-0007FF              7FC
                         000F4C-007FFB             70B0
        COMRAM           000034-00005F               2C
        CONFIG           300002-30000D                C
        CONST            000004-0007FF              7FC
                         000F4C-007FFB             70B0
        EEDATA           F00000-F000FF              100
        IDLOC            200000-200007                8
        MEDIUMCONST      000F4C-007FFB             70B0
        RAM              000060-0007FF              100
        SFR              000F60-000FFF               A0
        SMALLCONST       000F4C-007FFB              100

                                  Symbol Table

?___aldiv                 cstackCOMRAM 000001
?___almod                 cstackCOMRAM 000001
?___awdiv                 cstackCOMRAM 000001
_ADCON0                   (abs)        000FC2
_ADCON0bits               (abs)        000FC2
_ADCON1                   (abs)        000FC1
_ADCON2                   (abs)        000FC0
_ADRESH                   (abs)        000FC4
_ADRESL                   (abs)        000FC3
_PORTDbits                (abs)        000F83
_TRISA0                   (abs)        007C90
_TRISDbits                (abs)        000F95
__HRAM                    (abs)        000000
__H__absolute__           __absolute__ 000000
__Habs1                   abs1         000000
__Hbank0                  bank0        000000
__Hbank1                  bank1        000000
__Hbank2                  bank2        000000
__Hbank3                  bank3        000000
__Hbank4                  bank4        000000
__Hbank5                  bank5        000000
__Hbank6                  bank6        000000
__Hbank7                  bank7        000000
__Hbigbss                 bigbss       000000
__Hbigdata                bigdata      000000
__Hbigram                 bigram       000000
__Hbigsfr                 bigsfr       000000
__Hbss                    bss          000000
__HbssCOMRAM              bssCOMRAM    000000
__Hcinit                  cinit        000000
__Hclrtext                clrtext      000000
__Hcomram                 comram       000000
__Hconfig                 config       300002
__Hconst                  const        000000
__HcstackCOMRAM           cstackCOMRAM 000000
__Hdata                   data         000000
__HdataCOMRAM             dataCOMRAM   000000
__Heeprom_data            eeprom_data  000000
__Hfarbss                 farbss       000000
__Hfardata                fardata      000000
__Hheap                   heap         000000
__Hibigdata               ibigdata     000000
__Hidata                  idata        000000
__HidataCOMRAM            idataCOMRAM  000000
__Hidloc                  idloc        000000
__Hifardata               ifardata     000000
__Hinit                   init         008000
__Hintcode                intcode      000008
__Hintcode_body           intcode_body 000000
__Hintcodelo              intcodelo    000018
__Hintentry               intentry     000000
__Hintret                 intret       000000
__Hintsave_regs           intsave_regs 000000
__Hirdata                 irdata       000000
__Hmediumconst            mediumconst  000000
__HnvFARRAM               nvFARRAM     000000
__Hnvbit                  nvbit        000000
__Hnvrram                 nvrram       000000
__Hparam                  rparam       000000
__Hpowerup                powerup      000000
__Hram                    ram          000000
__Hramtop                 ramtop       000800
__Hrbit                   rbit         000000
__Hrbss                   rbss         000000
__Hrdata                  rdata        000000
__Hreset_vec              reset_vec    000004
__Hrparam                 rparam       000000
__Hsfr                    sfr          000000
__Hsivt_hi                sivt_hi      000000
__Hsivt_lo                sivt_lo      000018
__Hsmallconst             smallconst   000818
__Hspace_0                (abs)        008000
__Hspace_1                (abs)        000034
__Hspace_2                (abs)        000000
__Hspace_4                (abs)        600002
__Hstack                  stack        000000
__Hstruct                 struct       000000
__Htemp                   temp         000000
__Htext                   text         000000
__Htext0                  text0        000000
__Htext1                  text1        000000
__Htext10                 text10       000000
__Htext11                 text11       000000
__Htext12                 text12       000000
__Htext13                 text13       000000
__Htext14                 text14       000000
__Htext15                 text15       000000
__Htext2                  text2        000000
__Htext3                  text3        000000
__Htext4                  text4        000000
__Htext5                  text5        000000
__Htext6                  text6        000000
__Htext7                  text7        000000
__Htext8                  text8        000000
__Htext9                  text9        000000
__LRAM                    (abs)        000001
__L__absolute__           __absolute__ 000000
__Labs1                   abs1         000000
__Lbank0                  bank0        000000
__Lbank1                  bank1        000000
__Lbank2                  bank2        000000
__Lbank3                  bank3        000000
__Lbank4                  bank4        000000
__Lbank5                  bank5        000000
__Lbank6                  bank6        000000
__Lbank7                  bank7        000000
__Lbigbss                 bigbss       000000
__Lbigdata                bigdata      000000
__Lbigram                 bigram       000000
__Lbigsfr                 bigsfr       000000
__Lbss                    bss          000000
__LbssCOMRAM              bssCOMRAM    000000
__Lcinit                  cinit        000000
__Lclrtext                clrtext      000000
__Lcomram                 comram       000000
__Lconfig                 config       000000
__Lconst                  const        000000
__LcstackCOMRAM           cstackCOMRAM 000000
__Ldata                   data         000000
__LdataCOMRAM             dataCOMRAM   000000
__Leeprom_data            eeprom_data  000000
__Lfarbss                 farbss       000000
__Lfardata                fardata      000000
__Lheap                   heap         000000
__Libigdata               ibigdata     000000
__Lidata                  idata        000000
__LidataCOMRAM            idataCOMRAM  000000
__Lidloc                  idloc        000000
__Lifardata               ifardata     000000
__Linit                   init         007FFC
__Lintcode                intcode      000008
__Lintcode_body           intcode_body 000000
__Lintcodelo              intcodelo    000018
__Lintentry               intentry     000000
__Lintret                 intret       000000
__Lintsave_regs           intsave_regs 000000
__Lirdata                 irdata       000000
__Lmediumconst            mediumconst  000000
__LnvFARRAM               nvFARRAM     000000
__Lnvbit                  nvbit        000000
__Lnvrram                 nvrram       000000
__Lparam                  rparam       000000
__Lpowerup                powerup      000000
__Lram                    ram          000000
__Lramtop                 ramtop       000800
__Lrbit                   rbit         000000
__Lrbss                   rbss         000000
__Lrdata                  rdata        000000
__Lreset_vec              reset_vec    000000
__Lrparam                 rparam       000000
__Lsfr                    sfr          000000
__Lsivt_hi                sivt_hi      000000
__Lsivt_lo                sivt_lo      000018
__Lsmallconst             smallconst   000800
__Lspace_0                (abs)        000000
__Lspace_1                (abs)        000000
__Lspace_2                (abs)        000000
__Lspace_4                (abs)        000000
__Lstack                  stack        000000
__Lstruct                 struct       000000
__Ltemp                   temp         000000
__Ltext                   text         000000
__Ltext0                  text0        000000
__Ltext1                  text1        000000
__Ltext10                 text10       000000
__Ltext11                 text11       000000
__Ltext12                 text12       000000
__Ltext13                 text13       000000
__Ltext14                 text14       000000
__Ltext15                 text15       000000
__Ltext2                  text2        000000
__Ltext3                  text3        000000
__Ltext4                  text4        000000
__Ltext5                  text5        000000
__Ltext6                  text6        000000
__Ltext7                  text7        000000
__Ltext8                  text8        000000
__Ltext9                  text9        000000
__S0                      (abs)        008000
__S1                      (abs)        000034
__S4                      (abs)        000000
__S5                      (abs)        000000
___aldiv                  text4        000818
___aldiv@counter          cstackCOMRAM 000009
___aldiv@dividend         cstackCOMRAM 000001
___aldiv@divisor          cstackCOMRAM 000005
___aldiv@quotient         cstackCOMRAM 00000B
___aldiv@sign             cstackCOMRAM 00000A
___almod                  text3        000B00
___almod@counter          cstackCOMRAM 000009
___almod@dividend         cstackCOMRAM 000001
___almod@divisor          cstackCOMRAM 000005
___almod@sign             cstackCOMRAM 00000A
___awdiv                  text15       000BEA
___awdiv@counter          cstackCOMRAM 000005
___awdiv@dividend         cstackCOMRAM 000001
___awdiv@divisor          cstackCOMRAM 000003
___awdiv@quotient         cstackCOMRAM 000007
___awdiv@sign             cstackCOMRAM 000006
___heap_hi                (abs)        000000
___heap_lo                (abs)        000000
___inthi_sp               stack        000000
___inthi_stack_hi         stack        000000
___inthi_stack_lo         stack        000000
___intlo_sp               stack        000000
___intlo_stack_hi         stack        000000
___intlo_stack_lo         stack        000000
___param_bank             (abs)        000000
___rparam_used            (abs)        000001
___sp                     stack        000000
___stack_hi               stack        000000
___stack_lo               stack        000000
__accesstop               (abs)        000060
__activetblptr            (abs)        000001
__end_of___aldiv          text4        000922
__end_of___almod          text3        000BEA
__end_of___awdiv          text15       000CAA
__end_of__initialization  cinit        000E28
__end_of_lcd_begin        text7        000D40
__end_of_lcd_clear        text9        000F3C
__end_of_lcd_command      text10       000DFC
__end_of_lcd_delay_ms     text14       000E98
__end_of_lcd_delay_us     text13       000F0C
__end_of_lcd_display      text8        000F48
__end_of_lcd_print        text5        000EC4
__end_of_lcd_printNum     text2        000A12
__end_of_lcd_pulseEnable  text12       000EEA
__end_of_lcd_setCursor    text1        000E6A
__end_of_lcd_write        text6        000F26
__end_of_lcd_write4bits   text11       000DB8
__end_of_main             text0        000B00
__initialization          cinit        000DFC
__mediumconst             smallconst   000800
__pbssCOMRAM              bssCOMRAM    000029
__pcinit                  cinit        000DFC
__pcstackCOMRAM           cstackCOMRAM 000001
__pdataCOMRAM             dataCOMRAM   000030
__pidataCOMRAM            idataCOMRAM  000F48
__psmallconst             smallconst   000800
__ptext0                  text0        000A12
__ptext1                  text1        000E36
__ptext10                 text10       000DB8
__ptext11                 text11       000D40
__ptext12                 text12       000EC4
__ptext13                 text13       000EEA
__ptext14                 text14       000E6A
__ptext15                 text15       000BEA
__ptext2                  text2        000922
__ptext3                  text3        000B00
__ptext4                  text4        000818
__ptext5                  text5        000E98
__ptext6                  text6        000F0C
__ptext7                  text7        000CAA
__ptext8                  text8        000F3C
__ptext9                  text9        000F26
__ramtop                  ramtop       000800
__smallconst              smallconst   000800
_lcd_begin                text7        000CAA
_lcd_clear                text9        000F26
_lcd_command              text10       000DB8
_lcd_config               bssCOMRAM    000029
_lcd_delay_ms             text14       000E6A
_lcd_delay_us             text13       000EEA
_lcd_display              text8        000F3C
_lcd_print                text5        000E98
_lcd_printNum             text2        000922
_lcd_pulseEnable          text12       000EC4
_lcd_setCursor            text1        000E36
_lcd_write                text6        000F0C
_lcd_write4bits           text11       000D40
_main                     text0        000A12
end_of_initialization     cinit        000E28
intlevel0                 text         000000
intlevel1                 text         000000
intlevel2                 text         000000
intlevel3                 text         000000
isa$std                   (abs)        000001
isa$xinst                 (abs)        000000
lcd_begin@cols            cstackCOMRAM 000007
lcd_begin@rows            cstackCOMRAM 000006
lcd_command@cmd           cstackCOMRAM 000005
lcd_delay_ms@ms           cstackCOMRAM 000001
lcd_delay_us@us           cstackCOMRAM 000001
lcd_print@str             cstackCOMRAM 000006
lcd_printNum@buffer       cstackCOMRAM 000013
lcd_printNum@i            cstackCOMRAM 000020
lcd_printNum@isNegative   cstackCOMRAM 00001F
lcd_printNum@num          cstackCOMRAM 00000F
lcd_setCursor@col         cstackCOMRAM 000007
lcd_setCursor@row         cstackCOMRAM 000006
lcd_setCursor@row_offsets dataCOMRAM   000030
lcd_write4bits@value      cstackCOMRAM 000004
lcd_write@value           cstackCOMRAM 000005
main@adc                  cstackCOMRAM 000027
main@temp                 cstackCOMRAM 000025
stackhi                   (abs)        000000
stacklo                   (abs)        000000
start                     init         007FFC
start_initialization      cinit        000DFC


MODULE INFORMATION

Module		Function		Class		Link	Load	Size
C:\Program Files\Microchip\xc8\v3.10\pic\sources\c99\common\almod.c
		___almod       		CODE           	0B00	0000	234

C:\Program Files\Microchip\xc8\v3.10\pic\sources\c99\common\almod.c estimated size: 234

C:\Program Files\Microchip\xc8\v3.10\pic\sources\c99\common\awdiv.c
		___awdiv       		CODE           	0BEA	0000	192

C:\Program Files\Microchip\xc8\v3.10\pic\sources\c99\common\awdiv.c estimated size: 192

C:\Program Files\Microchip\xc8\v3.10\pic\sources\c99\common\aldiv.c
		___aldiv       		CODE           	0818	0000	266

C:\Program Files\Microchip\xc8\v3.10\pic\sources\c99\common\aldiv.c estimated size: 266

shared
		__initialization		CODE           	0DFC	0000	44

shared estimated size: 44

lcd.c
		_lcd_write4bits		CODE           	0D40	0000	120
		_lcd_command   		CODE           	0DB8	0000	68
		_lcd_delay_ms  		CODE           	0E6A	0000	46
		_lcd_delay_us  		CODE           	0EEA	0000	34
		_lcd_pulseEnable		CODE           	0EC4	0000	38
		_lcd_begin     		CODE           	0CAA	0000	150
		_lcd_display   		CODE           	0F3C	0000	12
		_lcd_setCursor 		CODE           	0E36	0000	52
		_lcd_clear     		CODE           	0F26	0000	22
		_lcd_print     		CODE           	0E98	0000	44
		_lcd_printNum  		CODE           	0922	0000	240
		_lcd_write     		CODE           	0F0C	0000	26

lcd.c estimated size: 852

main.c
		_main          		CODE           	0A12	0000	238

main.c estimated size: 238

