Microchip MPLAB XC8 Compiler V3.10

Linker command line:

-W-3 \
  --edf=C:\Program Files\Microchip\xc8\v3.10\pic\dat\20250813170317_en.msgs \
  -cn -h+dist/default/production\Examen.X.production.sym \
  --cmf=dist/default/production\Examen.X.production.cmf -z -Q18F4550 \
  -oC:\Users\mcmin\AppData\Local\Temp\xcAs7fc.0\driver_tmp_3.o \
  --defsym=__MPLAB_BUILD=1 --fixupoverflow=error \
  -Mdist/default/production/Examen.X.production.map \
  --md=C:\Users\mcmin\AppData\Local\Temp\xcAs7fc.0\driver_tmp_0.dat -E1 \
  -ver=XC8 Compiler -ACODE=00h-07FFFh -ACONST=00h-07FFFh \
  -ASMALLCONST=0800h-08FFhx120 -AMEDIUMCONST=0800h-07FFFh -ACOMRAM=01h-05Fh \
  -AABS1=00h-07FFh -ABIGRAM=01h-07FFh -ARAM=060h-0FFh,0100h-01FFhx7 \
  -ABANK0=060h-0FFh -ABANK1=0100h-01FFh -ABANK2=0200h-02FFh \
  -ABANK3=0300h-03FFh -ABANK4=0400h-04FFh -ABANK5=0500h-05FFh \
  -ABANK6=0600h-06FFh -ABANK7=0700h-07FFh -ASFR=0F60h-0FFFh \
  -ABIGSFR=0F60h-0FFFh -ACONFIG=0300000h-030000Dh -AIDLOC=0200000h-0200007h \
  -AEEDATA=0F00000h-0F000FFh -peeprom_data=EEDATA \
  -preset_vec=00h,intcode=8h,intcodelo=18h,sivt_lo,sivt_hi=CODE \
  -ppowerup=CODE,init -pramtop=0800h -psmallconst=SMALLCONST \
  -pmediumconst=MEDIUMCONST -pconst=CONST -AFARRAM=00h-00h \
  -prdata=COMRAM,nvrram=COMRAM,nvbit=COMRAM,rbss=COMRAM,rbit=COMRAM \
  -pfarbss=FARRAM,fardata=FARRAM,nvFARRAM=FARRAM \
  -pintsave_regs=BIGRAM,bigbss=BIGRAM,bigdata=BIGRAM -pbss=RAM \
  -pidata=CODE,irdata=CODE,ibigdata=CODE,ifardata=CODE -prparam=COMRAM \
  C:\Users\mcmin\AppData\Local\Temp\xcAs7fc.0\driver_tmp_9.o \
  dist/default/production\Examen.X.production.o 

Object code version is 3.11

Machine type is 18F4550



                Name                               Link     Load   Length Selector   Space Scale
C:\Users\mcmin\AppData\Local\Temp\xcAs7fc.0\driver_tmp_9.o
                config                           300000   300000        E        0       4
                init                               7FFC     7FFC        4     3FFE       0
                reset_vec                             0        0        4        0       0
dist/default/production\Examen.X.production.o
                config                           300000   300000        E        0       4
                smallconst                          800      800       74      400       0
                text29                              D32      D32      108      43A       0
                text28                             1488     1488       72      43A       0
                text27                             1824     1824       1E      43A       0
                text26                             1252     1252       B6      43A       0
                text25                              874      874      1F4      43A       0
                text24                             177A     177A       34      43A       0
                text23                             1566     1566       5C      43A       0
                text22                             17AE     17AE       2E      43A       0
                text21                             1802     1802       22      43A       0
                text20                             17DC     17DC       26      43A       0
                text19                             139E     139E       78      43A       0
                text18                             1666     1666       44      43A       0
                text17                             185C     185C       16      43A       0
                text16                             10D4     10D4       C0      43A       0
                text15                             1842     1842       1A      43A       0
                text14                             1746     1746       34      43A       0
                text13                             1712     1712       34      43A       0
                text12                             16DE     16DE       34      43A       0
                text11                             1618     1618       4E      43A       0
                text10                              C28      C28      10A      43A       0
                text9                               F2A      F2A       EA      43A       0
                text8                               E3A      E3A       F0      43A       0
                text7                              16AA     16AA       34      43A       0
                text6                              1416     1416       72      43A       0
                text5                              1014     1014       C0      43A       0
                text4                              14FA     14FA       6C      43A       0
                text3                              1882     1882        C      43A       0
                text2                              1308     1308       96      43A       0
                text1                              1194     1194       BE      43A       0
                text0                               A68      A68      1C0      43A       0
                cstackCOMRAM                         32       32       28        1       1
                dataBANK0                            60       60       10       60       1
                dataCOMRAM                           5A       5A        6        1       1
                bssCOMRAM                             1        1       31        1       1
                cinit                              15C2     15C2       56      43A       0
                idataBANK0                         1872     1872       10      43A       0
                idataCOMRAM                        188E     188E        6      43A       0

TOTAL           Name                               Link     Load   Length     Space
        CLASS   CODE           
                init                               7FFC     7FFC        4         0
                reset_vec                             0        0        4         0
                text29                              D32      D32      108         0
                text28                             1488     1488       72         0
                text27                             1824     1824       1E         0
                text26                             1252     1252       B6         0
                text25                              874      874      1F4         0
                text24                             177A     177A       34         0
                text23                             1566     1566       5C         0
                text22                             17AE     17AE       2E         0
                text21                             1802     1802       22         0
                text20                             17DC     17DC       26         0
                text19                             139E     139E       78         0
                text18                             1666     1666       44         0
                text17                             185C     185C       16         0
                text16                             10D4     10D4       C0         0
                text15                             1842     1842       1A         0
                text14                             1746     1746       34         0
                text13                             1712     1712       34         0
                text12                             16DE     16DE       34         0
                text11                             1618     1618       4E         0
                text10                              C28      C28      10A         0
                text9                               F2A      F2A       EA         0
                text8                               E3A      E3A       F0         0
                text7                              16AA     16AA       34         0
                text6                              1416     1416       72         0
                text5                              1014     1014       C0         0
                text4                              14FA     14FA       6C         0
                text3                              1882     1882        C         0
                text2                              1308     1308       96         0
                text1                              1194     1194       BE         0
                text0                               A68      A68      1C0         0
                cinit                              15C2     15C2       56         0
                idataBANK0                         1872     1872       10         0
                idataCOMRAM                        188E     188E        6         0

        CLASS   CONST          

        CLASS   SMALLCONST     
                smallconst                          800      800       74         0

        CLASS   MEDIUMCONST    

        CLASS   COMRAM         
                cstackCOMRAM                         32       32       28         1
                dataCOMRAM                           5A       5A        6         1
                bssCOMRAM                             1        1       31         1

        CLASS   ABS1           

        CLASS   BIGRAM         

        CLASS   RAM            

        CLASS   BANK0          
                dataBANK0                            60       60       10         1

        CLASS   BANK1          

        CLASS   BANK2          

        CLASS   BANK3          

        CLASS   BANK4          

        CLASS   BANK5          

        CLASS   BANK6          

        CLASS   BANK7          

        CLASS   SFR            

        CLASS   BIGSFR         

        CLASS   CONFIG         
                config                           300000   300000        E         4

        CLASS   IDLOC          

        CLASS   EEDATA         

        CLASS   FARRAM         

        CLASS   HEAP           

        CLASS   STACK          



SEGMENTS        Name                           Load    Length   Top    Selector   Space  Class

                reset_vec                      000000  000004  000004         0       0  CODE    
                bssCOMRAM                      000001  00005F  000060         1       1  COMRAM  
                dataBANK0                      000060  000010  000070        60       1  BANK0   
                smallconst                     000800  000074  000874       400       0  SMALLCON
                text25                         000874  001020  001894       43A       0  CODE    
                init                           007FFC  000004  008000      3FFE       0  CODE    


UNUSED ADDRESS RANGES

        Name                Unused          Largest block    Delta
        BANK0            000070-0000FF               90
        BANK1            000100-0001FF              100
        BANK2            000200-0002FF              100
        BANK3            000300-0003FF              100
        BANK4            000400-0004FF              100
        BANK5            000500-0005FF              100
        BANK6            000600-0006FF              100
        BANK7            000700-0007FF              100
        BIGRAM           000070-0007FF              790
        BIGSFR           000F60-000FFF               A0
        CODE             000004-0007FF              7FC
                         001894-007FFB             6768
        CONST            000004-0007FF              7FC
                         001894-007FFB             6768
        EEDATA           F00000-F000FF              100
        IDLOC            200000-200007                8
        MEDIUMCONST      001894-007FFB             6768
        RAM              000070-0007FF              100
        SFR              000F60-000FFF               A0
        SMALLCONST       001894-007FFB              100

                                  Symbol Table

?___aldiv                             cstackCOMRAM 000032
?___almod                             cstackCOMRAM 000032
?___awdiv                             cstackCOMRAM 000032
?___lwdiv                             cstackCOMRAM 000032
?_getMillis                           cstackCOMRAM 000032
?_strlen                              cstackCOMRAM 000032
Keypad_GetKey@currentTime             cstackCOMRAM 000046
Keypad_GetKey@key                     cstackCOMRAM 00004A
Keypad_GetKey@keypad                  cstackCOMRAM 000039
Keypad_Init@i                         cstackCOMRAM 000034
Keypad_Init@j                         cstackCOMRAM 000035
Keypad_Init@keymap                    cstackCOMRAM 000033
Keypad_Init@keypad                    cstackCOMRAM 000032
Keypad_IsPressed@key                  cstackCOMRAM 000033
Keypad_IsPressed@keypad               cstackCOMRAM 000032
Keypad_WaitForKey@key                 cstackCOMRAM 00004D
Keypad_WaitForKey@keypad              cstackCOMRAM 00004B
_ADCON1                               (abs)        000FC1
_CMCON                                (abs)        000FB4
_INTCON2bits                          (abs)        000FF1
_Keypad_GetKey                        text25       000874
_Keypad_Init                          text29       000D32
_Keypad_IsPressed                     text23       001566
_Keypad_IsPressed$156                 cstackCOMRAM 000035
_Keypad_WaitForKey                    text24       00177A
_OSCCON                               (abs)        000FD3
_PORTB                                (abs)        000F81
_PORTDbits                            (abs)        000F83
_TRISB                                (abs)        000F93
_TRISDbits                            (abs)        000F95
__HRAM                                (abs)        000000
__H__absolute__                       __absolute__ 000000
__Habs1                               abs1         000000
__Hbank0                              bank0        000000
__Hbank1                              bank1        000000
__Hbank2                              bank2        000000
__Hbank3                              bank3        000000
__Hbank4                              bank4        000000
__Hbank5                              bank5        000000
__Hbank6                              bank6        000000
__Hbank7                              bank7        000000
__Hbigbss                             bigbss       000000
__Hbigdata                            bigdata      000000
__Hbigram                             bigram       000000
__Hbigsfr                             bigsfr       000000
__Hbss                                bss          000000
__HbssCOMRAM                          bssCOMRAM    000000
__Hcinit                              cinit        000000
__Hclrtext                            clrtext      000000
__Hcomram                             comram       000000
__Hconfig                             config       30000E
__Hconst                              const        000000
__HcstackCOMRAM                       cstackCOMRAM 000000
__Hdata                               data         000000
__HdataBANK0                          dataBANK0    000000
__HdataCOMRAM                         dataCOMRAM   000000
__Heeprom_data                        eeprom_data  000000
__Hfarbss                             farbss       000000
__Hfardata                            fardata      000000
__Hheap                               heap         000000
__Hibigdata                           ibigdata     000000
__Hidata                              idata        000000
__HidataBANK0                         idataBANK0   000000
__HidataCOMRAM                        idataCOMRAM  000000
__Hidloc                              idloc        000000
__Hifardata                           ifardata     000000
__Hinit                               init         008000
__Hintcode                            intcode      000008
__Hintcode_body                       intcode_body 000000
__Hintcodelo                          intcodelo    000018
__Hintentry                           intentry     000000
__Hintret                             intret       000000
__Hintsave_regs                       intsave_regs 000000
__Hirdata                             irdata       000000
__Hmediumconst                        mediumconst  000000
__HnvFARRAM                           nvFARRAM     000000
__Hnvbit                              nvbit        000000
__Hnvrram                             nvrram       000000
__Hparam                              rparam       000000
__Hpowerup                            powerup      000000
__Hram                                ram          000000
__Hramtop                             ramtop       000800
__Hrbit                               rbit         000000
__Hrbss                               rbss         000000
__Hrdata                              rdata        000000
__Hreset_vec                          reset_vec    000004
__Hrparam                             rparam       000000
__Hsfr                                sfr          000000
__Hsivt_hi                            sivt_hi      000000
__Hsivt_lo                            sivt_lo      000018
__Hsmallconst                         smallconst   000874
__Hspace_0                            (abs)        008000
__Hspace_1                            (abs)        000070
__Hspace_2                            (abs)        000000
__Hspace_4                            (abs)        60000E
__Hstack                              stack        000000
__Hstruct                             struct       000000
__Htemp                               temp         000000
__Htext                               text         000000
__Htext0                              text0        000000
__Htext1                              text1        000000
__Htext10                             text10       000000
__Htext11                             text11       000000
__Htext12                             text12       000000
__Htext13                             text13       000000
__Htext14                             text14       000000
__Htext15                             text15       000000
__Htext16                             text16       000000
__Htext17                             text17       000000
__Htext18                             text18       000000
__Htext19                             text19       000000
__Htext2                              text2        000000
__Htext20                             text20       000000
__Htext21                             text21       000000
__Htext22                             text22       000000
__Htext23                             text23       000000
__Htext24                             text24       000000
__Htext25                             text25       000000
__Htext26                             text26       000000
__Htext27                             text27       000000
__Htext28                             text28       000000
__Htext29                             text29       000000
__Htext3                              text3        000000
__Htext4                              text4        000000
__Htext5                              text5        000000
__Htext6                              text6        000000
__Htext7                              text7        000000
__Htext8                              text8        000000
__Htext9                              text9        000000
__LRAM                                (abs)        000001
__L__absolute__                       __absolute__ 000000
__Labs1                               abs1         000000
__Lbank0                              bank0        000000
__Lbank1                              bank1        000000
__Lbank2                              bank2        000000
__Lbank3                              bank3        000000
__Lbank4                              bank4        000000
__Lbank5                              bank5        000000
__Lbank6                              bank6        000000
__Lbank7                              bank7        000000
__Lbigbss                             bigbss       000000
__Lbigdata                            bigdata      000000
__Lbigram                             bigram       000000
__Lbigsfr                             bigsfr       000000
__Lbss                                bss          000000
__LbssCOMRAM                          bssCOMRAM    000000
__Lcinit                              cinit        000000
__Lclrtext                            clrtext      000000
__Lcomram                             comram       000000
__Lconfig                             config       000000
__Lconst                              const        000000
__LcstackCOMRAM                       cstackCOMRAM 000000
__Ldata                               data         000000
__LdataBANK0                          dataBANK0    000000
__LdataCOMRAM                         dataCOMRAM   000000
__Leeprom_data                        eeprom_data  000000
__Lfarbss                             farbss       000000
__Lfardata                            fardata      000000
__Lheap                               heap         000000
__Libigdata                           ibigdata     000000
__Lidata                              idata        000000
__LidataBANK0                         idataBANK0   000000
__LidataCOMRAM                        idataCOMRAM  000000
__Lidloc                              idloc        000000
__Lifardata                           ifardata     000000
__Linit                               init         007FFC
__Lintcode                            intcode      000008
__Lintcode_body                       intcode_body 000000
__Lintcodelo                          intcodelo    000018
__Lintentry                           intentry     000000
__Lintret                             intret       000000
__Lintsave_regs                       intsave_regs 000000
__Lirdata                             irdata       000000
__Lmediumconst                        mediumconst  000000
__LnvFARRAM                           nvFARRAM     000000
__Lnvbit                              nvbit        000000
__Lnvrram                             nvrram       000000
__Lparam                              rparam       000000
__Lpowerup                            powerup      000000
__Lram                                ram          000000
__Lramtop                             ramtop       000800
__Lrbit                               rbit         000000
__Lrbss                               rbss         000000
__Lrdata                              rdata        000000
__Lreset_vec                          reset_vec    000000
__Lrparam                             rparam       000000
__Lsfr                                sfr          000000
__Lsivt_hi                            sivt_hi      000000
__Lsivt_lo                            sivt_lo      000018
__Lsmallconst                         smallconst   000800
__Lspace_0                            (abs)        000000
__Lspace_1                            (abs)        000000
__Lspace_2                            (abs)        000000
__Lspace_4                            (abs)        000000
__Lstack                              stack        000000
__Lstruct                             struct       000000
__Ltemp                               temp         000000
__Ltext                               text         000000
__Ltext0                              text0        000000
__Ltext1                              text1        000000
__Ltext10                             text10       000000
__Ltext11                             text11       000000
__Ltext12                             text12       000000
__Ltext13                             text13       000000
__Ltext14                             text14       000000
__Ltext15                             text15       000000
__Ltext16                             text16       000000
__Ltext17                             text17       000000
__Ltext18                             text18       000000
__Ltext19                             text19       000000
__Ltext2                              text2        000000
__Ltext20                             text20       000000
__Ltext21                             text21       000000
__Ltext22                             text22       000000
__Ltext23                             text23       000000
__Ltext24                             text24       000000
__Ltext25                             text25       000000
__Ltext26                             text26       000000
__Ltext27                             text27       000000
__Ltext28                             text28       000000
__Ltext29                             text29       000000
__Ltext3                              text3        000000
__Ltext4                              text4        000000
__Ltext5                              text5        000000
__Ltext6                              text6        000000
__Ltext7                              text7        000000
__Ltext8                              text8        000000
__Ltext9                              text9        000000
__S0                                  (abs)        008000
__S1                                  (abs)        000070
__S4                                  (abs)        000000
__S5                                  (abs)        000000
___aldiv                              text10       000C28
___aldiv@counter                      cstackCOMRAM 00003A
___aldiv@dividend                     cstackCOMRAM 000032
___aldiv@divisor                      cstackCOMRAM 000036
___aldiv@quotient                     cstackCOMRAM 00003C
___aldiv@sign                         cstackCOMRAM 00003B
___almod                              text9        000F2A
___almod@counter                      cstackCOMRAM 00003A
___almod@dividend                     cstackCOMRAM 000032
___almod@divisor                      cstackCOMRAM 000036
___almod@sign                         cstackCOMRAM 00003B
___awdiv                              text16       0010D4
___awdiv@counter                      cstackCOMRAM 000036
___awdiv@dividend                     cstackCOMRAM 000032
___awdiv@divisor                      cstackCOMRAM 000034
___awdiv@quotient                     cstackCOMRAM 000038
___awdiv@sign                         cstackCOMRAM 000037
___heap_hi                            (abs)        000000
___heap_lo                            (abs)        000000
___inthi_sp                           stack        000000
___inthi_stack_hi                     stack        000000
___inthi_stack_lo                     stack        000000
___intlo_sp                           stack        000000
___intlo_stack_hi                     stack        000000
___intlo_stack_lo                     stack        000000
___lwdiv                              text28       001488
___lwdiv@counter                      cstackCOMRAM 000038
___lwdiv@dividend                     cstackCOMRAM 000032
___lwdiv@divisor                      cstackCOMRAM 000034
___lwdiv@quotient                     cstackCOMRAM 000036
___param_bank                         (abs)        000000
___rparam_used                        (abs)        000001
___sp                                 stack        000000
___stack_hi                           stack        000000
___stack_lo                           stack        000000
__accesstop                           (abs)        000060
__activetblptr                        (abs)        000002
__end_of_Keypad_GetKey                text25       000A68
__end_of_Keypad_Init                  text29       000E3A
__end_of_Keypad_IsPressed             text23       0015C2
__end_of_Keypad_WaitForKey            text24       0017AE
__end_of___aldiv                      text10       000D32
__end_of___almod                      text9        001014
__end_of___awdiv                      text16       001194
__end_of___lwdiv                      text28       0014FA
__end_of__initialization              cinit        00160E
__end_of_bajar                        text5        0010D4
__end_of_check_emergency_during_delay text4        001566
__end_of_emergency_stop_sequence      text6        001488
__end_of_getMillis                    text27       001842
__end_of_idle                         text7        0016DE
__end_of_lcd_begin                    text2        00139E
__end_of_lcd_clear                    text17       001872
__end_of_lcd_command                  text18       0016AA
__end_of_lcd_delay_ms                 text22       0017DC
__end_of_lcd_delay_us                 text21       001824
__end_of_lcd_display                  text3        00188E
__end_of_lcd_print                    text14       00177A
__end_of_lcd_printCenter              text11       001666
__end_of_lcd_printNum                 text8        000F2A
__end_of_lcd_pulseEnable              text20       001802
__end_of_lcd_setCursor                text13       001746
__end_of_lcd_write                    text15       00185C
__end_of_lcd_write4bits               text19       001416
__end_of_main                         text0        000C28
__end_of_scanKeys                     text26       001308
__end_of_strlen                       text12       001712
__end_of_subir                        text1        001252
__initialization                      cinit        0015C2
__mediumconst                         smallconst   000800
__pbssCOMRAM                          bssCOMRAM    000001
__pcinit                              cinit        0015C2
__pcstackCOMRAM                       cstackCOMRAM 000032
__pdataBANK0                          dataBANK0    000060
__pdataCOMRAM                         dataCOMRAM   00005A
__pidataBANK0                         idataBANK0   001872
__pidataCOMRAM                        idataCOMRAM  00188E
__psmallconst                         smallconst   000800
__ptext0                              text0        000A68
__ptext1                              text1        001194
__ptext10                             text10       000C28
__ptext11                             text11       001618
__ptext12                             text12       0016DE
__ptext13                             text13       001712
__ptext14                             text14       001746
__ptext15                             text15       001842
__ptext16                             text16       0010D4
__ptext17                             text17       00185C
__ptext18                             text18       001666
__ptext19                             text19       00139E
__ptext2                              text2        001308
__ptext20                             text20       0017DC
__ptext21                             text21       001802
__ptext22                             text22       0017AE
__ptext23                             text23       001566
__ptext24                             text24       00177A
__ptext25                             text25       000874
__ptext26                             text26       001252
__ptext27                             text27       001824
__ptext28                             text28       001488
__ptext29                             text29       000D32
__ptext3                              text3        001882
__ptext4                              text4        0014FA
__ptext5                              text5        001014
__ptext6                              text6        001416
__ptext7                              text7        0016AA
__ptext8                              text8        000E3A
__ptext9                              text9        000F2A
__ramtop                              ramtop       000800
__smallconst                          smallconst   000800
_bajar                                text5        001014
_check_emergency_during_delay         text4        0014FA
_emergency_stop                       bssCOMRAM    00000E
_emergency_stop_sequence              text6        001416
_getMillis                            text27       001824
_holdTime                             dataCOMRAM   00005E
_idle                                 text7        0016AA
_lcd_begin                            text2        001308
_lcd_clear                            text17       00185C
_lcd_command                          text18       001666
_lcd_config                           bssCOMRAM    000001
_lcd_delay_ms                         text22       0017AE
_lcd_delay_us                         text21       001802
_lcd_display                          text3        001882
_lcd_print                            text14       001746
_lcd_printCenter                      text11       001618
_lcd_printNum                         text8        000E3A
_lcd_pulseEnable                      text20       0017DC
_lcd_setCursor                        text13       001712
_lcd_write                            text15       001842
_lcd_write4bits                       text19       00139E
_main                                 text0        000A68
_miTeclado                            bssCOMRAM    00000F
_piso                                 bssCOMRAM    00000C
_scanKeys                             text26       001252
_simple_millis                        bssCOMRAM    000008
_strlen                               text12       0016DE
_subir                                text1        001194
_teclas                               dataBANK0    000060
bajar@steps                           cstackCOMRAM 000056
check_emergency_during_delay@delay_ms cstackCOMRAM 000054
check_emergency_during_delay@i        cstackCOMRAM 000057
end_of_initialization                 cinit        00160E
intlevel0                             text         000000
intlevel1                             text         000000
intlevel2                             text         000000
intlevel3                             text         000000
isa$std                               (abs)        000001
isa$xinst                             (abs)        000000
lcd_begin@cols                        cstackCOMRAM 000038
lcd_begin@rows                        cstackCOMRAM 000037
lcd_command@cmd                       cstackCOMRAM 000036
lcd_delay_ms@ms                       cstackCOMRAM 000032
lcd_delay_us@us                       cstackCOMRAM 000032
lcd_print@str                         cstackCOMRAM 000037
lcd_printCenter@len                   cstackCOMRAM 00003D
lcd_printCenter@pos                   cstackCOMRAM 00003C
lcd_printCenter@row                   cstackCOMRAM 00003B
lcd_printCenter@str                   cstackCOMRAM 00003A
lcd_printNum@buffer                   cstackCOMRAM 000044
lcd_printNum@i                        cstackCOMRAM 000051
lcd_printNum@isNegative               cstackCOMRAM 000050
lcd_printNum@num                      cstackCOMRAM 000040
lcd_setCursor@col                     cstackCOMRAM 000038
lcd_setCursor@row                     cstackCOMRAM 000037
lcd_setCursor@row_offsets             dataCOMRAM   00005A
lcd_write4bits@value                  cstackCOMRAM 000035
lcd_write@value                       cstackCOMRAM 000036
main@tecla                            cstackCOMRAM 000059
scanKeys@col                          cstackCOMRAM 000036
scanKeys@keypad                       cstackCOMRAM 000032
scanKeys@row                          cstackCOMRAM 000035
stackhi                               (abs)        000000
stacklo                               (abs)        000000
start                                 init         007FFC
start_initialization                  cinit        0015C2
strlen@a                              cstackCOMRAM 000034
strlen@s                              cstackCOMRAM 000032
subir@steps                           cstackCOMRAM 000056


MODULE INFORMATION

Module		Function		Class		Link	Load	Size
C:\Program Files\Microchip\xc8\v3.10\pic\sources\c99\common\almod.c
		___almod       		CODE           	0F2A	0000	234

C:\Program Files\Microchip\xc8\v3.10\pic\sources\c99\common\almod.c estimated size: 234

Keypad.c
		_Keypad_Init   		CODE           	0D32	0000	264
		_Keypad_IsPressed		CODE           	1566	0000	92
		_Keypad_GetKey 		CODE           	0874	0000	500
		_getMillis     		CODE           	1824	0000	30
		_Keypad_WaitForKey		CODE           	177A	0000	52
		_scanKeys      		CODE           	1252	0000	182

Keypad.c estimated size: 1120

C:\Program Files\Microchip\xc8\v3.10\pic\sources\c99\common\lwdiv.c
		___lwdiv       		CODE           	1488	0000	114

C:\Program Files\Microchip\xc8\v3.10\pic\sources\c99\common\lwdiv.c estimated size: 114

C:\Program Files\Microchip\xc8\v3.10\pic\sources\c99\common\awdiv.c
		___awdiv       		CODE           	10D4	0000	192

C:\Program Files\Microchip\xc8\v3.10\pic\sources\c99\common\awdiv.c estimated size: 192

C:\Program Files\Microchip\xc8\v3.10\pic\sources\c99\common\aldiv.c
		___aldiv       		CODE           	0C28	0000	266

C:\Program Files\Microchip\xc8\v3.10\pic\sources\c99\common\aldiv.c estimated size: 266

shared
		__initialization		CODE           	15C2	0000	76

shared estimated size: 76

C:\Program Files\Microchip\xc8\v3.10\pic\sources\c99\common\strlen.c
		_strlen        		CODE           	16DE	0000	52

C:\Program Files\Microchip\xc8\v3.10\pic\sources\c99\common\strlen.c estimated size: 52

lcd.c
		_lcd_write4bits		CODE           	139E	0000	120
		_lcd_command   		CODE           	1666	0000	68
		_lcd_printCenter		CODE           	1618	0000	78
		_lcd_delay_ms  		CODE           	17AE	0000	46
		_lcd_delay_us  		CODE           	1802	0000	34
		_lcd_pulseEnable		CODE           	17DC	0000	38
		_lcd_begin     		CODE           	1308	0000	150
		_lcd_display   		CODE           	1882	0000	12
		_lcd_setCursor 		CODE           	1712	0000	52
		_lcd_clear     		CODE           	185C	0000	22
		_lcd_print     		CODE           	1746	0000	52
		_lcd_printNum  		CODE           	0E3A	0000	240
		_lcd_write     		CODE           	1842	0000	26

lcd.c estimated size: 938

main.c
		_check_emergency_during_delay		CODE           	14FA	0000	108
		_main          		CODE           	0A68	0000	448
		_emergency_stop_sequence		CODE           	1416	0000	114
		_subir         		CODE           	1194	0000	190
		_idle          		CODE           	16AA	0000	52
		_bajar         		CODE           	1014	0000	192

main.c estimated size: 1104

