Archive member included to satisfy reference by file (symbol)

/opt/microchip/xc8/v3.00/avr/bin/../lib/gcc/avr/5.4.0/avrxmega2/memx-const/mapped/libgcc.a(_copy_data.o)
                              build/default/debug/mcc_generated_files/system/src/config_bits.o (__do_copy_data)
/opt/microchip/xc8/v3.00/avr/bin/../lib/gcc/avr/5.4.0/../../../../avr/lib/avrxmega2/memx-const/mapped/libc.a(exit.o)
                              /opt/microchip/mplabx/v6.25/packs/Microchip/AVR-Dx_DFP/2.7.321/xc8/avr/lib/avrxmega2/memx-const/mapped/crtavr64dd32.o (exit)
/opt/microchip/xc8/v3.00/avr/bin/../lib/gcc/avr/5.4.0/../../../../avr/lib/avrxmega2/memx-const/mapped/libc.a(__sio_printf_s.o)
                              build/default/debug/main.o (_printf_s)
/opt/microchip/xc8/v3.00/avr/bin/../lib/gcc/avr/5.4.0/../../../../avr/lib/avrxmega2/memx-const/mapped/libc.a(__fmt_s.o)
                              /opt/microchip/xc8/v3.00/avr/bin/../lib/gcc/avr/5.4.0/../../../../avr/lib/avrxmega2/memx-const/mapped/libc.a(__sio_printf_s.o) (__fmt_s_needed)
/opt/microchip/xc8/v3.00/avr/bin/../lib/gcc/avr/5.4.0/../../../../avr/lib/avrxmega2/memx-const/mapped/libc.a(__printf_core.o)
                              /opt/microchip/xc8/v3.00/avr/bin/../lib/gcc/avr/5.4.0/../../../../avr/lib/avrxmega2/memx-const/mapped/libc.a(__fmt_s.o) (__pad)
/opt/microchip/xc8/v3.00/avr/bin/../lib/gcc/avr/5.4.0/../../../../avr/lib/avrxmega2/memx-const/mapped/libc.a(fputc.o)
                              /opt/microchip/xc8/v3.00/avr/bin/../lib/gcc/avr/5.4.0/../../../../avr/lib/avrxmega2/memx-const/mapped/libc.a(__printf_core.o) (fputc)
/opt/microchip/xc8/v3.00/avr/bin/../lib/gcc/avr/5.4.0/../../../../avr/lib/avrxmega2/memx-const/mapped/libc.a(stdout.o)
                              build/default/debug/mcc_generated_files/uart/src/usart0.o (_stdout)
/opt/microchip/xc8/v3.00/avr/bin/../lib/gcc/avr/5.4.0/../../../../avr/lib/avrxmega2/memx-const/mapped/libc.a(strlen.o)
                              /opt/microchip/xc8/v3.00/avr/bin/../lib/gcc/avr/5.4.0/../../../../avr/lib/avrxmega2/memx-const/mapped/libc.a(__fmt_s.o) (strlen)
/opt/microchip/xc8/v3.00/avr/bin/../lib/gcc/avr/5.4.0/../../../../avr/lib/avrxmega2/memx-const/mapped/libc.a(tolower.o)
                              /opt/microchip/xc8/v3.00/avr/bin/../lib/gcc/avr/5.4.0/../../../../avr/lib/avrxmega2/memx-const/mapped/libc.a(__printf_core.o) (tolower)
/opt/microchip/xc8/v3.00/avr/bin/../lib/gcc/avr/5.4.0/../../../../avr/lib/avrxmega2/memx-const/mapped/libc.a(errno.o)
                              /opt/microchip/xc8/v3.00/avr/bin/../lib/gcc/avr/5.4.0/../../../../avr/lib/avrxmega2/memx-const/mapped/libc.a(__printf_core.o) (__errno_val)
/opt/microchip/xc8/v3.00/avr/bin/../lib/gcc/avr/5.4.0/../../../../avr/lib/avrxmega2/memx-const/mapped/libc.a(_Exit.o)
                              /opt/microchip/xc8/v3.00/avr/bin/../lib/gcc/avr/5.4.0/../../../../avr/lib/avrxmega2/memx-const/mapped/libc.a(exit.o) (_Exit)
/opt/microchip/xc8/v3.00/avr/bin/../lib/gcc/avr/5.4.0/../../../../avr/lib/avrxmega2/memx-const/mapped/libc.a(__int_vfprintf.o)
                              /opt/microchip/xc8/v3.00/avr/bin/../lib/gcc/avr/5.4.0/../../../../avr/lib/avrxmega2/memx-const/mapped/libc.a(__sio_printf_s.o) (__vfprintf)
/opt/microchip/xc8/v3.00/avr/bin/../lib/gcc/avr/5.4.0/avrxmega2/memx-const/mapped/libgcc.a(_exit.o)
                              /opt/microchip/xc8/v3.00/avr/bin/../lib/gcc/avr/5.4.0/../../../../avr/lib/avrxmega2/memx-const/mapped/libc.a(_Exit.o) (_exit)
/opt/microchip/xc8/v3.00/avr/bin/../lib/gcc/avr/5.4.0/avrxmega2/memx-const/mapped/libgcc.a(_prologue.o)
                              /opt/microchip/xc8/v3.00/avr/bin/../lib/gcc/avr/5.4.0/../../../../avr/lib/avrxmega2/memx-const/mapped/libc.a(__sio_printf_s.o) (__prologue_saves__)
/opt/microchip/xc8/v3.00/avr/bin/../lib/gcc/avr/5.4.0/avrxmega2/memx-const/mapped/libgcc.a(_epilogue.o)
                              /opt/microchip/xc8/v3.00/avr/bin/../lib/gcc/avr/5.4.0/../../../../avr/lib/avrxmega2/memx-const/mapped/libc.a(__sio_printf_s.o) (__epilogue_restores__)

Allocating common symbols
Common symbol       size              file

__stdout_used       0x2               /opt/microchip/xc8/v3.00/avr/bin/../lib/gcc/avr/5.4.0/../../../../avr/lib/avrxmega2/memx-const/mapped/libc.a(stdout.o)
__errno_val         0x2               /opt/microchip/xc8/v3.00/avr/bin/../lib/gcc/avr/5.4.0/../../../../avr/lib/avrxmega2/memx-const/mapped/libc.a(errno.o)

Discarded input sections

 .data          0x0000000000000000        0x0 /opt/microchip/mplabx/v6.25/packs/Microchip/AVR-Dx_DFP/2.7.321/xc8/avr/lib/avrxmega2/memx-const/mapped/crtavr64dd32.o
 .bss           0x0000000000000000        0x0 /opt/microchip/mplabx/v6.25/packs/Microchip/AVR-Dx_DFP/2.7.321/xc8/avr/lib/avrxmega2/memx-const/mapped/crtavr64dd32.o
 .text          0x0000000000000000        0x0 build/default/debug/mcc_generated_files/system/src/clock.o
 .data          0x0000000000000000        0x0 build/default/debug/mcc_generated_files/system/src/clock.o
 .bss           0x0000000000000000        0x0 build/default/debug/mcc_generated_files/system/src/clock.o
 .text.CFD_Enable
                0x0000000000000000       0x10 build/default/debug/mcc_generated_files/system/src/clock.o
 .text.CFD_Disable
                0x0000000000000000       0x12 build/default/debug/mcc_generated_files/system/src/clock.o
 .text          0x0000000000000000        0x0 build/default/debug/mcc_generated_files/system/src/interrupt.o
 .data          0x0000000000000000        0x0 build/default/debug/mcc_generated_files/system/src/interrupt.o
 .bss           0x0000000000000000        0x0 build/default/debug/mcc_generated_files/system/src/interrupt.o
 .text          0x0000000000000000        0x0 build/default/debug/mcc_generated_files/system/src/protected_io.o
 .data          0x0000000000000000        0x0 build/default/debug/mcc_generated_files/system/src/protected_io.o
 .bss           0x0000000000000000        0x0 build/default/debug/mcc_generated_files/system/src/protected_io.o
 .text          0x0000000000000000        0x0 build/default/debug/mcc_generated_files/system/src/config_bits.o
 .data          0x0000000000000000        0x0 build/default/debug/mcc_generated_files/system/src/config_bits.o
 .bss           0x0000000000000000        0x0 build/default/debug/mcc_generated_files/system/src/config_bits.o
 .text          0x0000000000000000        0x0 build/default/debug/mcc_generated_files/system/src/system.o
 .data          0x0000000000000000        0x0 build/default/debug/mcc_generated_files/system/src/system.o
 .bss           0x0000000000000000        0x0 build/default/debug/mcc_generated_files/system/src/system.o
 .text          0x0000000000000000        0x0 build/default/debug/main.o
 .data          0x0000000000000000        0x0 build/default/debug/main.o
 .bss           0x0000000000000000        0x0 build/default/debug/main.o
 .text          0x0000000000000000        0x0 build/default/debug/mcc_generated_files/system/src/pins.o
 .data          0x0000000000000000        0x0 build/default/debug/mcc_generated_files/system/src/pins.o
 .bss           0x0000000000000000        0x0 build/default/debug/mcc_generated_files/system/src/pins.o
 .text.IO_PD5_SetInterruptHandler
                0x0000000000000000        0xa build/default/debug/mcc_generated_files/system/src/pins.o
 .text.IO_PD4_SetInterruptHandler
                0x0000000000000000        0xa build/default/debug/mcc_generated_files/system/src/pins.o
 .text.LEFT_SetInterruptHandler
                0x0000000000000000        0xa build/default/debug/mcc_generated_files/system/src/pins.o
 .text.RIGHT_SetInterruptHandler
                0x0000000000000000        0xa build/default/debug/mcc_generated_files/system/src/pins.o
 .text          0x0000000000000000        0x0 build/default/debug/mcc_generated_files/uart/src/usart0.o
 .data          0x0000000000000000        0x0 build/default/debug/mcc_generated_files/uart/src/usart0.o
 .bss           0x0000000000000000        0x0 build/default/debug/mcc_generated_files/uart/src/usart0.o
 .text.USART0_Deinitialize
                0x0000000000000000       0x18 build/default/debug/mcc_generated_files/uart/src/usart0.o
 .text.USART0_TransmitEnable
                0x0000000000000000        0xc build/default/debug/mcc_generated_files/uart/src/usart0.o
 .text.USART0_TransmitDisable
                0x0000000000000000        0xc build/default/debug/mcc_generated_files/uart/src/usart0.o
 .text.USART0_AutoBaudSet
                0x0000000000000000       0x28 build/default/debug/mcc_generated_files/uart/src/usart0.o
 .text.USART0_AutoBaudQuery
                0x0000000000000000        0xa build/default/debug/mcc_generated_files/uart/src/usart0.o
 .text.USART0_IsRxReady
                0x0000000000000000        0xc build/default/debug/mcc_generated_files/uart/src/usart0.o
 .text.USART0_IsTxDone
                0x0000000000000000        0xc build/default/debug/mcc_generated_files/uart/src/usart0.o
 .text.USART0_ErrorGet
                0x0000000000000000       0x72 build/default/debug/mcc_generated_files/uart/src/usart0.o
 .text.USART0_Read
                0x0000000000000000        0x6 build/default/debug/mcc_generated_files/uart/src/usart0.o
 .text.USART0_Write
                0x0000000000000000        0x6 build/default/debug/mcc_generated_files/uart/src/usart0.o
 .text.USART0_FramingErrorCallbackRegister
                0x0000000000000000        0xe build/default/debug/mcc_generated_files/uart/src/usart0.o
 .text.USART0_OverrunErrorCallbackRegister
                0x0000000000000000        0xe build/default/debug/mcc_generated_files/uart/src/usart0.o
 .text.USART0_ParityErrorCallbackRegister
                0x0000000000000000        0xe build/default/debug/mcc_generated_files/uart/src/usart0.o
 .text.USART0_Enable
                0x0000000000000000        0xc build/default/debug/mcc_generated_files/uart/src/usart0.o
 .text.USART0_Disable
                0x0000000000000000        0xc build/default/debug/mcc_generated_files/uart/src/usart0.o
 .text.USART0_ReceiveEnable
                0x0000000000000000        0xc build/default/debug/mcc_generated_files/uart/src/usart0.o
 .text.USART0_ReceiveDisable
                0x0000000000000000        0xc build/default/debug/mcc_generated_files/uart/src/usart0.o
 .text.USART0_IsAutoBaudDetectError
                0x0000000000000000        0xc build/default/debug/mcc_generated_files/uart/src/usart0.o
 .text.USART0_AutoBaudDetectErrorReset
                0x0000000000000000       0x28 build/default/debug/mcc_generated_files/uart/src/usart0.o
 .rodata.UART0  0x0000000000000000       0x30 build/default/debug/mcc_generated_files/uart/src/usart0.o
 .text          0x0000000000000000        0x0 /opt/microchip/xc8/v3.00/avr/bin/../lib/gcc/avr/5.4.0/avrxmega2/memx-const/mapped/libgcc.a(_copy_data.o)
 .data          0x0000000000000000        0x0 /opt/microchip/xc8/v3.00/avr/bin/../lib/gcc/avr/5.4.0/avrxmega2/memx-const/mapped/libgcc.a(_copy_data.o)
 .bss           0x0000000000000000        0x0 /opt/microchip/xc8/v3.00/avr/bin/../lib/gcc/avr/5.4.0/avrxmega2/memx-const/mapped/libgcc.a(_copy_data.o)
 .text.libgcc.mul
                0x0000000000000000        0x0 /opt/microchip/xc8/v3.00/avr/bin/../lib/gcc/avr/5.4.0/avrxmega2/memx-const/mapped/libgcc.a(_copy_data.o)
 .text.libgcc.div
                0x0000000000000000        0x0 /opt/microchip/xc8/v3.00/avr/bin/../lib/gcc/avr/5.4.0/avrxmega2/memx-const/mapped/libgcc.a(_copy_data.o)
 .text.libgcc   0x0000000000000000        0x0 /opt/microchip/xc8/v3.00/avr/bin/../lib/gcc/avr/5.4.0/avrxmega2/memx-const/mapped/libgcc.a(_copy_data.o)
 .text.libgcc.prologue
                0x0000000000000000        0x0 /opt/microchip/xc8/v3.00/avr/bin/../lib/gcc/avr/5.4.0/avrxmega2/memx-const/mapped/libgcc.a(_copy_data.o)
 .text.libgcc.builtins
                0x0000000000000000        0x0 /opt/microchip/xc8/v3.00/avr/bin/../lib/gcc/avr/5.4.0/avrxmega2/memx-const/mapped/libgcc.a(_copy_data.o)
 .text.libgcc.fmul
                0x0000000000000000        0x0 /opt/microchip/xc8/v3.00/avr/bin/../lib/gcc/avr/5.4.0/avrxmega2/memx-const/mapped/libgcc.a(_copy_data.o)
 .text.libgcc.fixed
                0x0000000000000000        0x0 /opt/microchip/xc8/v3.00/avr/bin/../lib/gcc/avr/5.4.0/avrxmega2/memx-const/mapped/libgcc.a(_copy_data.o)
 .text          0x0000000000000000        0x0 /opt/microchip/xc8/v3.00/avr/bin/../lib/gcc/avr/5.4.0/../../../../avr/lib/avrxmega2/memx-const/mapped/libc.a(exit.o)
 .data          0x0000000000000000        0x0 /opt/microchip/xc8/v3.00/avr/bin/../lib/gcc/avr/5.4.0/../../../../avr/lib/avrxmega2/memx-const/mapped/libc.a(exit.o)
 .bss           0x0000000000000000        0x0 /opt/microchip/xc8/v3.00/avr/bin/../lib/gcc/avr/5.4.0/../../../../avr/lib/avrxmega2/memx-const/mapped/libc.a(exit.o)
 .stack.descriptors
                0x0000000000000000       0x73 /opt/microchip/xc8/v3.00/avr/bin/../lib/gcc/avr/5.4.0/../../../../avr/lib/avrxmega2/memx-const/mapped/libc.a(exit.o)
 .text          0x0000000000000000        0x0 /opt/microchip/xc8/v3.00/avr/bin/../lib/gcc/avr/5.4.0/../../../../avr/lib/avrxmega2/memx-const/mapped/libc.a(__sio_printf_s.o)
 .data          0x0000000000000000        0x0 /opt/microchip/xc8/v3.00/avr/bin/../lib/gcc/avr/5.4.0/../../../../avr/lib/avrxmega2/memx-const/mapped/libc.a(__sio_printf_s.o)
 .bss           0x0000000000000000        0x0 /opt/microchip/xc8/v3.00/avr/bin/../lib/gcc/avr/5.4.0/../../../../avr/lib/avrxmega2/memx-const/mapped/libc.a(__sio_printf_s.o)
 .stack.descriptors
                0x0000000000000000       0x37 /opt/microchip/xc8/v3.00/avr/bin/../lib/gcc/avr/5.4.0/../../../../avr/lib/avrxmega2/memx-const/mapped/libc.a(__sio_printf_s.o)
 .text.__sio_printf_s
                0x0000000000000000        0x6 /opt/microchip/xc8/v3.00/avr/bin/../lib/gcc/avr/5.4.0/../../../../avr/lib/avrxmega2/memx-const/mapped/libc.a(__sio_printf_s.o)
 .text          0x0000000000000000        0x0 /opt/microchip/xc8/v3.00/avr/bin/../lib/gcc/avr/5.4.0/../../../../avr/lib/avrxmega2/memx-const/mapped/libc.a(__fmt_s.o)
 .data          0x0000000000000000        0x0 /opt/microchip/xc8/v3.00/avr/bin/../lib/gcc/avr/5.4.0/../../../../avr/lib/avrxmega2/memx-const/mapped/libc.a(__fmt_s.o)
 .bss           0x0000000000000000        0x0 /opt/microchip/xc8/v3.00/avr/bin/../lib/gcc/avr/5.4.0/../../../../avr/lib/avrxmega2/memx-const/mapped/libc.a(__fmt_s.o)
 .stack.descriptors
                0x0000000000000000       0x15 /opt/microchip/xc8/v3.00/avr/bin/../lib/gcc/avr/5.4.0/../../../../avr/lib/avrxmega2/memx-const/mapped/libc.a(__fmt_s.o)
 .text          0x0000000000000000        0x0 /opt/microchip/xc8/v3.00/avr/bin/../lib/gcc/avr/5.4.0/../../../../avr/lib/avrxmega2/memx-const/mapped/libc.a(__printf_core.o)
 .data          0x0000000000000000        0x0 /opt/microchip/xc8/v3.00/avr/bin/../lib/gcc/avr/5.4.0/../../../../avr/lib/avrxmega2/memx-const/mapped/libc.a(__printf_core.o)
 .bss           0x0000000000000000        0x0 /opt/microchip/xc8/v3.00/avr/bin/../lib/gcc/avr/5.4.0/../../../../avr/lib/avrxmega2/memx-const/mapped/libc.a(__printf_core.o)
 .stack.descriptors
                0x0000000000000000       0x91 /opt/microchip/xc8/v3.00/avr/bin/../lib/gcc/avr/5.4.0/../../../../avr/lib/avrxmega2/memx-const/mapped/libc.a(__printf_core.o)
 .text          0x0000000000000000        0x0 /opt/microchip/xc8/v3.00/avr/bin/../lib/gcc/avr/5.4.0/../../../../avr/lib/avrxmega2/memx-const/mapped/libc.a(fputc.o)
 .data          0x0000000000000000        0x0 /opt/microchip/xc8/v3.00/avr/bin/../lib/gcc/avr/5.4.0/../../../../avr/lib/avrxmega2/memx-const/mapped/libc.a(fputc.o)
 .bss           0x0000000000000000        0x0 /opt/microchip/xc8/v3.00/avr/bin/../lib/gcc/avr/5.4.0/../../../../avr/lib/avrxmega2/memx-const/mapped/libc.a(fputc.o)
 .stack.descriptors
                0x0000000000000000       0x13 /opt/microchip/xc8/v3.00/avr/bin/../lib/gcc/avr/5.4.0/../../../../avr/lib/avrxmega2/memx-const/mapped/libc.a(fputc.o)
 .text          0x0000000000000000        0x0 /opt/microchip/xc8/v3.00/avr/bin/../lib/gcc/avr/5.4.0/../../../../avr/lib/avrxmega2/memx-const/mapped/libc.a(stdout.o)
 .data          0x0000000000000000        0x0 /opt/microchip/xc8/v3.00/avr/bin/../lib/gcc/avr/5.4.0/../../../../avr/lib/avrxmega2/memx-const/mapped/libc.a(stdout.o)
 .bss           0x0000000000000000        0x0 /opt/microchip/xc8/v3.00/avr/bin/../lib/gcc/avr/5.4.0/../../../../avr/lib/avrxmega2/memx-const/mapped/libc.a(stdout.o)
 .stack.descriptors
                0x0000000000000000       0x1b /opt/microchip/xc8/v3.00/avr/bin/../lib/gcc/avr/5.4.0/../../../../avr/lib/avrxmega2/memx-const/mapped/libc.a(stdout.o)
 .text.__init_stdout
                0x0000000000000000       0x1e /opt/microchip/xc8/v3.00/avr/bin/../lib/gcc/avr/5.4.0/../../../../avr/lib/avrxmega2/memx-const/mapped/libc.a(stdout.o)
 .data.f        0x0000000000000000       0x10 /opt/microchip/xc8/v3.00/avr/bin/../lib/gcc/avr/5.4.0/../../../../avr/lib/avrxmega2/memx-const/mapped/libc.a(stdout.o)
 COMMON         0x0000000000000000        0x2 /opt/microchip/xc8/v3.00/avr/bin/../lib/gcc/avr/5.4.0/../../../../avr/lib/avrxmega2/memx-const/mapped/libc.a(stdout.o)
 .text          0x0000000000000000        0x0 /opt/microchip/xc8/v3.00/avr/bin/../lib/gcc/avr/5.4.0/../../../../avr/lib/avrxmega2/memx-const/mapped/libc.a(strlen.o)
 .data          0x0000000000000000        0x0 /opt/microchip/xc8/v3.00/avr/bin/../lib/gcc/avr/5.4.0/../../../../avr/lib/avrxmega2/memx-const/mapped/libc.a(strlen.o)
 .bss           0x0000000000000000        0x0 /opt/microchip/xc8/v3.00/avr/bin/../lib/gcc/avr/5.4.0/../../../../avr/lib/avrxmega2/memx-const/mapped/libc.a(strlen.o)
 .stack.descriptors
                0x0000000000000000       0x14 /opt/microchip/xc8/v3.00/avr/bin/../lib/gcc/avr/5.4.0/../../../../avr/lib/avrxmega2/memx-const/mapped/libc.a(strlen.o)
 .text          0x0000000000000000        0x0 /opt/microchip/xc8/v3.00/avr/bin/../lib/gcc/avr/5.4.0/../../../../avr/lib/avrxmega2/memx-const/mapped/libc.a(tolower.o)
 .data          0x0000000000000000        0x0 /opt/microchip/xc8/v3.00/avr/bin/../lib/gcc/avr/5.4.0/../../../../avr/lib/avrxmega2/memx-const/mapped/libc.a(tolower.o)
 .bss           0x0000000000000000        0x0 /opt/microchip/xc8/v3.00/avr/bin/../lib/gcc/avr/5.4.0/../../../../avr/lib/avrxmega2/memx-const/mapped/libc.a(tolower.o)
 .stack.descriptors
                0x0000000000000000       0x2e /opt/microchip/xc8/v3.00/avr/bin/../lib/gcc/avr/5.4.0/../../../../avr/lib/avrxmega2/memx-const/mapped/libc.a(tolower.o)
 .text.__tolower_l
                0x0000000000000000        0x6 /opt/microchip/xc8/v3.00/avr/bin/../lib/gcc/avr/5.4.0/../../../../avr/lib/avrxmega2/memx-const/mapped/libc.a(tolower.o)
 .text          0x0000000000000000        0x0 /opt/microchip/xc8/v3.00/avr/bin/../lib/gcc/avr/5.4.0/../../../../avr/lib/avrxmega2/memx-const/mapped/libc.a(errno.o)
 .data          0x0000000000000000        0x0 /opt/microchip/xc8/v3.00/avr/bin/../lib/gcc/avr/5.4.0/../../../../avr/lib/avrxmega2/memx-const/mapped/libc.a(errno.o)
 .bss           0x0000000000000000        0x0 /opt/microchip/xc8/v3.00/avr/bin/../lib/gcc/avr/5.4.0/../../../../avr/lib/avrxmega2/memx-const/mapped/libc.a(errno.o)
 .text          0x0000000000000000        0x0 /opt/microchip/xc8/v3.00/avr/bin/../lib/gcc/avr/5.4.0/../../../../avr/lib/avrxmega2/memx-const/mapped/libc.a(_Exit.o)
 .data          0x0000000000000000        0x0 /opt/microchip/xc8/v3.00/avr/bin/../lib/gcc/avr/5.4.0/../../../../avr/lib/avrxmega2/memx-const/mapped/libc.a(_Exit.o)
 .bss           0x0000000000000000        0x0 /opt/microchip/xc8/v3.00/avr/bin/../lib/gcc/avr/5.4.0/../../../../avr/lib/avrxmega2/memx-const/mapped/libc.a(_Exit.o)
 .stack.descriptors
                0x0000000000000000       0x13 /opt/microchip/xc8/v3.00/avr/bin/../lib/gcc/avr/5.4.0/../../../../avr/lib/avrxmega2/memx-const/mapped/libc.a(_Exit.o)
 .text          0x0000000000000000        0x0 /opt/microchip/xc8/v3.00/avr/bin/../lib/gcc/avr/5.4.0/../../../../avr/lib/avrxmega2/memx-const/mapped/libc.a(__int_vfprintf.o)
 .data          0x0000000000000000        0x0 /opt/microchip/xc8/v3.00/avr/bin/../lib/gcc/avr/5.4.0/../../../../avr/lib/avrxmega2/memx-const/mapped/libc.a(__int_vfprintf.o)
 .bss           0x0000000000000000        0x0 /opt/microchip/xc8/v3.00/avr/bin/../lib/gcc/avr/5.4.0/../../../../avr/lib/avrxmega2/memx-const/mapped/libc.a(__int_vfprintf.o)
 .stack.descriptors
                0x0000000000000000       0x18 /opt/microchip/xc8/v3.00/avr/bin/../lib/gcc/avr/5.4.0/../../../../avr/lib/avrxmega2/memx-const/mapped/libc.a(__int_vfprintf.o)
 .text          0x0000000000000000        0x0 /opt/microchip/xc8/v3.00/avr/bin/../lib/gcc/avr/5.4.0/avrxmega2/memx-const/mapped/libgcc.a(_exit.o)
 .data          0x0000000000000000        0x0 /opt/microchip/xc8/v3.00/avr/bin/../lib/gcc/avr/5.4.0/avrxmega2/memx-const/mapped/libgcc.a(_exit.o)
 .bss           0x0000000000000000        0x0 /opt/microchip/xc8/v3.00/avr/bin/../lib/gcc/avr/5.4.0/avrxmega2/memx-const/mapped/libgcc.a(_exit.o)
 .text.libgcc.mul
                0x0000000000000000        0x0 /opt/microchip/xc8/v3.00/avr/bin/../lib/gcc/avr/5.4.0/avrxmega2/memx-const/mapped/libgcc.a(_exit.o)
 .text.libgcc.div
                0x0000000000000000        0x0 /opt/microchip/xc8/v3.00/avr/bin/../lib/gcc/avr/5.4.0/avrxmega2/memx-const/mapped/libgcc.a(_exit.o)
 .text.libgcc   0x0000000000000000        0x0 /opt/microchip/xc8/v3.00/avr/bin/../lib/gcc/avr/5.4.0/avrxmega2/memx-const/mapped/libgcc.a(_exit.o)
 .text.libgcc.prologue
                0x0000000000000000        0x0 /opt/microchip/xc8/v3.00/avr/bin/../lib/gcc/avr/5.4.0/avrxmega2/memx-const/mapped/libgcc.a(_exit.o)
 .stack.descriptors
                0x0000000000000000       0x13 /opt/microchip/xc8/v3.00/avr/bin/../lib/gcc/avr/5.4.0/avrxmega2/memx-const/mapped/libgcc.a(_exit.o)
 .text.libgcc.builtins
                0x0000000000000000        0x0 /opt/microchip/xc8/v3.00/avr/bin/../lib/gcc/avr/5.4.0/avrxmega2/memx-const/mapped/libgcc.a(_exit.o)
 .text.libgcc.fmul
                0x0000000000000000        0x0 /opt/microchip/xc8/v3.00/avr/bin/../lib/gcc/avr/5.4.0/avrxmega2/memx-const/mapped/libgcc.a(_exit.o)
 .text.libgcc.fixed
                0x0000000000000000        0x0 /opt/microchip/xc8/v3.00/avr/bin/../lib/gcc/avr/5.4.0/avrxmega2/memx-const/mapped/libgcc.a(_exit.o)
 .text          0x0000000000000000        0x0 /opt/microchip/xc8/v3.00/avr/bin/../lib/gcc/avr/5.4.0/avrxmega2/memx-const/mapped/libgcc.a(_prologue.o)
 .data          0x0000000000000000        0x0 /opt/microchip/xc8/v3.00/avr/bin/../lib/gcc/avr/5.4.0/avrxmega2/memx-const/mapped/libgcc.a(_prologue.o)
 .bss           0x0000000000000000        0x0 /opt/microchip/xc8/v3.00/avr/bin/../lib/gcc/avr/5.4.0/avrxmega2/memx-const/mapped/libgcc.a(_prologue.o)
 .text.libgcc.mul
                0x0000000000000000        0x0 /opt/microchip/xc8/v3.00/avr/bin/../lib/gcc/avr/5.4.0/avrxmega2/memx-const/mapped/libgcc.a(_prologue.o)
 .text.libgcc.div
                0x0000000000000000        0x0 /opt/microchip/xc8/v3.00/avr/bin/../lib/gcc/avr/5.4.0/avrxmega2/memx-const/mapped/libgcc.a(_prologue.o)
 .text.libgcc   0x0000000000000000        0x0 /opt/microchip/xc8/v3.00/avr/bin/../lib/gcc/avr/5.4.0/avrxmega2/memx-const/mapped/libgcc.a(_prologue.o)
 .text.libgcc.builtins
                0x0000000000000000        0x0 /opt/microchip/xc8/v3.00/avr/bin/../lib/gcc/avr/5.4.0/avrxmega2/memx-const/mapped/libgcc.a(_prologue.o)
 .text.libgcc.fmul
                0x0000000000000000        0x0 /opt/microchip/xc8/v3.00/avr/bin/../lib/gcc/avr/5.4.0/avrxmega2/memx-const/mapped/libgcc.a(_prologue.o)
 .text.libgcc.fixed
                0x0000000000000000        0x0 /opt/microchip/xc8/v3.00/avr/bin/../lib/gcc/avr/5.4.0/avrxmega2/memx-const/mapped/libgcc.a(_prologue.o)
 .text          0x0000000000000000        0x0 /opt/microchip/xc8/v3.00/avr/bin/../lib/gcc/avr/5.4.0/avrxmega2/memx-const/mapped/libgcc.a(_epilogue.o)
 .data          0x0000000000000000        0x0 /opt/microchip/xc8/v3.00/avr/bin/../lib/gcc/avr/5.4.0/avrxmega2/memx-const/mapped/libgcc.a(_epilogue.o)
 .bss           0x0000000000000000        0x0 /opt/microchip/xc8/v3.00/avr/bin/../lib/gcc/avr/5.4.0/avrxmega2/memx-const/mapped/libgcc.a(_epilogue.o)
 .text.libgcc.mul
                0x0000000000000000        0x0 /opt/microchip/xc8/v3.00/avr/bin/../lib/gcc/avr/5.4.0/avrxmega2/memx-const/mapped/libgcc.a(_epilogue.o)
 .text.libgcc.div
                0x0000000000000000        0x0 /opt/microchip/xc8/v3.00/avr/bin/../lib/gcc/avr/5.4.0/avrxmega2/memx-const/mapped/libgcc.a(_epilogue.o)
 .text.libgcc   0x0000000000000000        0x0 /opt/microchip/xc8/v3.00/avr/bin/../lib/gcc/avr/5.4.0/avrxmega2/memx-const/mapped/libgcc.a(_epilogue.o)
 .text.libgcc.builtins
                0x0000000000000000        0x0 /opt/microchip/xc8/v3.00/avr/bin/../lib/gcc/avr/5.4.0/avrxmega2/memx-const/mapped/libgcc.a(_epilogue.o)
 .text.libgcc.fmul
                0x0000000000000000        0x0 /opt/microchip/xc8/v3.00/avr/bin/../lib/gcc/avr/5.4.0/avrxmega2/memx-const/mapped/libgcc.a(_epilogue.o)
 .text.libgcc.fixed
                0x0000000000000000        0x0 /opt/microchip/xc8/v3.00/avr/bin/../lib/gcc/avr/5.4.0/avrxmega2/memx-const/mapped/libgcc.a(_epilogue.o)

Memory Configuration

Name             Origin             Length             Attributes
text             0x0000000000000000 0x0000000000010000 xr
data             0x0000000000806000 0x0000000000002000 rw !x
eeprom           0x0000000000810000 0x0000000000000100 rw !x
fuse             0x0000000000820000 0x0000000000000010 rw !x
lock             0x0000000000830000 0x0000000000000400 rw !x
signature        0x0000000000840000 0x0000000000000400 rw !x
user_signatures  0x0000000000850000 0x0000000000000400 rw !x
bootrow          0x0000000000860000 0x0000000000000400 rw !x
*default*        0x0000000000000000 0xffffffffffffffff

Linker script and memory map

Address of section .data set to 0x806000
                0x0000000000008000                __RODATA_PM_OFFSET__ = 0x8000
LOAD /opt/microchip/mplabx/v6.25/packs/Microchip/AVR-Dx_DFP/2.7.321/xc8/avr/lib/avrxmega2/memx-const/mapped/crtavr64dd32.o
                0x0000000000000001                __MPLAB_BUILD = 0x1
LOAD build/default/debug/mcc_generated_files/system/src/clock.o
LOAD build/default/debug/mcc_generated_files/system/src/interrupt.o
LOAD build/default/debug/mcc_generated_files/system/src/protected_io.o
LOAD build/default/debug/mcc_generated_files/system/src/config_bits.o
LOAD build/default/debug/mcc_generated_files/system/src/system.o
LOAD build/default/debug/main.o
LOAD build/default/debug/mcc_generated_files/system/src/pins.o
LOAD build/default/debug/mcc_generated_files/uart/src/usart0.o
START GROUP
LOAD /opt/microchip/xc8/v3.00/avr/bin/../lib/gcc/avr/5.4.0/../../../../avr/lib/avrxmega2/memx-const/mapped/libm.a
END GROUP
                0x0000000000000001                __MPLAB_DEBUG = 0x1
                0x0000000000000001                __DEBUG = 0x1
                0x0000000000000001                __MPLAB_DEBUGGER_SIMULATOR = 0x1
START GROUP
LOAD /opt/microchip/xc8/v3.00/avr/bin/../lib/gcc/avr/5.4.0/avrxmega2/memx-const/mapped/libgcc.a
LOAD /opt/microchip/xc8/v3.00/avr/bin/../lib/gcc/avr/5.4.0/../../../../avr/lib/avrxmega2/memx-const/mapped/libm.a
LOAD /opt/microchip/xc8/v3.00/avr/bin/../lib/gcc/avr/5.4.0/../../../../avr/lib/avrxmega2/memx-const/mapped/libc.a
LOAD /opt/microchip/mplabx/v6.25/packs/Microchip/AVR-Dx_DFP/2.7.321/xc8/avr/lib/avrxmega2/memx-const/mapped/libavr64dd32.a
END GROUP
                [0x0000000000000000]                __TEXT_REGION_ORIGIN__ = DEFINED (__TEXT_REGION_ORIGIN__)?__TEXT_REGION_ORIGIN__:0x0
                [0x0000000000806000]                __DATA_REGION_ORIGIN__ = DEFINED (__DATA_REGION_ORIGIN__)?__DATA_REGION_ORIGIN__:0x802000
                [0x0000000000010000]                __TEXT_REGION_LENGTH__ = DEFINED (__TEXT_REGION_LENGTH__)?__TEXT_REGION_LENGTH__:0x100000
                [0x0000000000002000]                __DATA_REGION_LENGTH__ = DEFINED (__DATA_REGION_LENGTH__)?__DATA_REGION_LENGTH__:0xffa0
                [0x0000000000000100]                __EEPROM_REGION_LENGTH__ = DEFINED (__EEPROM_REGION_LENGTH__)?__EEPROM_REGION_LENGTH__:0x10000
                [0x0000000000000010]                __FUSE_REGION_LENGTH__ = DEFINED (__FUSE_REGION_LENGTH__)?__FUSE_REGION_LENGTH__:0x400
                0x0000000000000400                __LOCK_REGION_LENGTH__ = DEFINED (__LOCK_REGION_LENGTH__)?__LOCK_REGION_LENGTH__:0x400
                0x0000000000000400                __SIGNATURE_REGION_LENGTH__ = DEFINED (__SIGNATURE_REGION_LENGTH__)?__SIGNATURE_REGION_LENGTH__:0x400
                0x0000000000000400                __USER_SIGNATURE_REGION_LENGTH__ = DEFINED (__USER_SIGNATURE_REGION_LENGTH__)?__USER_SIGNATURE_REGION_LENGTH__:0x400
                0x0000000000000400                __BOOTROW_REGION_LENGTH__ = DEFINED (__BOOTROW_REGION_LENGTH__)?__BOOTROW_REGION_LENGTH__:0x400

.hash
 *(.hash)

.dynsym
 *(.dynsym)

.dynstr
 *(.dynstr)

.gnu.version
 *(.gnu.version)

.gnu.version_d
 *(.gnu.version_d)

.gnu.version_r
 *(.gnu.version_r)

.rel.init
 *(.rel.init)

.rela.init
 *(.rela.init)

.rel.text
 *(.rel.text)
 *(.rel.text.*)
 *(.rel.gnu.linkonce.t*)

.rela.text
 *(.rela.text)
 *(.rela.text.*)
 *(.rela.gnu.linkonce.t*)

.rel.fini
 *(.rel.fini)

.rela.fini
 *(.rela.fini)

.rel.rodata
 *(.rel.rodata)
 *(.rel.rodata.*)
 *(.rel.gnu.linkonce.r*)

.rela.rodata
 *(.rela.rodata)
 *(.rela.rodata.*)
 *(.rela.gnu.linkonce.r*)

.rel.data
 *(.rel.data)
 *(.rel.data.*)
 *(.rel.gnu.linkonce.d*)

.rela.data
 *(.rela.data)
 *(.rela.data.*)
 *(.rela.gnu.linkonce.d*)

.rel.ctors
 *(.rel.ctors)

.rela.ctors
 *(.rela.ctors)

.rel.dtors
 *(.rel.dtors)

.rela.dtors
 *(.rela.dtors)

.rel.got
 *(.rel.got)

.rela.got
 *(.rela.got)

.rel.bss
 *(.rel.bss)

.rela.bss
 *(.rela.bss)

.rel.plt
 *(.rel.plt)

.rela.plt
 *(.rela.plt)

.text           0x0000000000000000      0x114
 *(.vectors)
 .vectors       0x0000000000000000       0x90 /opt/microchip/mplabx/v6.25/packs/Microchip/AVR-Dx_DFP/2.7.321/xc8/avr/lib/avrxmega2/memx-const/mapped/crtavr64dd32.o
                0x0000000000000000                __vectors
                0x0000000000000000                __vector_default
 *(.vectors)
 *(.progmem.gcc*)
 *(.dinit)
 .dinit         0x0000000000000090       0x1d data_init
                0x00000000000000ae                . = ALIGN (0x2)
 *fill*         0x00000000000000ad        0x1 
                0x00000000000000ae                __trampolines_start = .
 *(.trampolines)
 .trampolines   0x00000000000000ae        0x0 linker stubs
 *(.trampolines*)
                0x00000000000000ae                __trampolines_end = .
 *libprintf_flt.a:*(.progmem.data)
 *libc.a:*(.progmem.data)
                0x00000000000000ae                . = ALIGN (0x2)
 *(.jumptables)
 *(.jumptables*)
 *(.lowtext)
 *(.lowtext*)
                0x00000000000000ae                __ctors_start = .
 *(.ctors)
                0x00000000000000ae                __ctors_end = .
                0x00000000000000ae                __dtors_start = .
 *(.dtors)
                0x00000000000000ae                __dtors_end = .
 SORT(*)(.ctors)
 SORT(*)(.dtors)
 *(.init0)
 .init0         0x00000000000000ae        0x0 /opt/microchip/mplabx/v6.25/packs/Microchip/AVR-Dx_DFP/2.7.321/xc8/avr/lib/avrxmega2/memx-const/mapped/crtavr64dd32.o
                0x00000000000000ae                __init
 *(.init0)
 *(.init1)
 .init1         0x00000000000000ae       0x12 /opt/microchip/mplabx/v6.25/packs/Microchip/AVR-Dx_DFP/2.7.321/xc8/avr/lib/avrxmega2/memx-const/mapped/crtavr64dd32.o
 *(.init1)
 *(.init2)
 .init2         0x00000000000000c0        0xc /opt/microchip/mplabx/v6.25/packs/Microchip/AVR-Dx_DFP/2.7.321/xc8/avr/lib/avrxmega2/memx-const/mapped/crtavr64dd32.o
 *(.init2)
 *(.init3)
 *(.init3)
 *(.init4)
 .init4         0x00000000000000cc       0x3c /opt/microchip/xc8/v3.00/avr/bin/../lib/gcc/avr/5.4.0/avrxmega2/memx-const/mapped/libgcc.a(_copy_data.o)
                0x00000000000000cc                __do_copy_data
                0x00000000000000fa                __do_clear_bss
 *(.init4)
 *(.init5)
 *(.init5)
 *(.init6)
 *(.init6)
 *(.init7)
 *(.init7)
 *(.init8)
 *(.init8)
 *(.init9)
 .init9         0x0000000000000108        0x8 /opt/microchip/mplabx/v6.25/packs/Microchip/AVR-Dx_DFP/2.7.321/xc8/avr/lib/avrxmega2/memx-const/mapped/crtavr64dd32.o
 *(.init9)
                0x0000000000000110                . = ALIGN (0x2)
 *(.fini9)
 .fini9         0x0000000000000110        0x0 /opt/microchip/xc8/v3.00/avr/bin/../lib/gcc/avr/5.4.0/avrxmega2/memx-const/mapped/libgcc.a(_exit.o)
                0x0000000000000110                _exit
 *(.fini9)
 *(.fini8)
 *(.fini8)
 *(.fini7)
 *(.fini7)
 *(.fini6)
 *(.fini6)
 *(.fini5)
 *(.fini5)
 *(.fini4)
 *(.fini4)
 *(.fini3)
 *(.fini3)
 *(.fini2)
 *(.fini2)
 *(.fini1)
 *(.fini1)
 *(.fini0)
 .fini0         0x0000000000000110        0x4 /opt/microchip/xc8/v3.00/avr/bin/../lib/gcc/avr/5.4.0/avrxmega2/memx-const/mapped/libgcc.a(_exit.o)
 *(.fini0)
                0x0000000000000114                _etext = .

.data           0x0000000000806000        0x0 load address 0x0000000000000114
                [!provide]                        PROVIDE (__data_start, .)
 *(.gnu.linkonce.d*)
 *(.gnu.linkonce.r*)
                0x0000000000806000                . = ALIGN (0x2)
                0x0000000000806000                _edata = .
                [!provide]                        PROVIDE (__data_end, .)

.bss            0x0000000000806000        0x2
                [!provide]                        PROVIDE (__bss_start, .)
 *(COMMON)
 COMMON         0x0000000000806000        0x2 /opt/microchip/xc8/v3.00/avr/bin/../lib/gcc/avr/5.4.0/../../../../avr/lib/avrxmega2/memx-const/mapped/libc.a(errno.o)
                0x0000000000806000                __errno_val
                [!provide]                        PROVIDE (__bss_end, .)
                0x0000000000000114                __data_load_start = LOADADDR (.data)
                0x0000000000000114                __data_load_end = (__data_load_start + SIZEOF (.data))

.noinit         0x0000000000806002        0x0
                [!provide]                        PROVIDE (__noinit_start, .)
 *(.noinit*)
                [!provide]                        PROVIDE (__noinit_end, .)
                0x0000000000806002                _end = .

.eeprom         0x0000000000810000        0x0
 *(.eeprom*)
                0x0000000000810000                __eeprom_end = .

.fuse           0x0000000000820000        0x9
 *(.fuse)
 .fuse          0x0000000000820000        0x9 build/default/debug/mcc_generated_files/system/src/config_bits.o
                0x0000000000820000                __fuse
 *(.lfuse)
 *(.hfuse)
 *(.efuse)

.lock
 *(.lock*)

.signature
 *(.signature*)

.user_signatures
 *(.user_signatures*)

.bootrow
 *(.bootrow*)

.stab
 *(.stab)

.stabstr
 *(.stabstr)

.stab.excl
 *(.stab.excl)

.stab.exclstr
 *(.stab.exclstr)

.stab.index
 *(.stab.index)

.stab.indexstr
 *(.stab.indexstr)

.comment        0x0000000000000000       0x5b
 *(.comment)
 .comment       0x0000000000000000       0x2f build/default/debug/mcc_generated_files/system/src/clock.o
                                         0x30 (size before relaxing)
 .comment       0x000000000000002f       0x30 build/default/debug/mcc_generated_files/system/src/interrupt.o
 .comment       0x000000000000002f       0x30 build/default/debug/mcc_generated_files/system/src/config_bits.o
 .comment       0x000000000000002f       0x30 build/default/debug/mcc_generated_files/system/src/system.o
 .comment       0x000000000000002f       0x30 build/default/debug/main.o
 .comment       0x000000000000002f       0x30 build/default/debug/mcc_generated_files/system/src/pins.o
 .comment       0x000000000000002f       0x30 build/default/debug/mcc_generated_files/uart/src/usart0.o
 .comment       0x000000000000002f       0x2c /opt/microchip/xc8/v3.00/avr/bin/../lib/gcc/avr/5.4.0/../../../../avr/lib/avrxmega2/memx-const/mapped/libc.a(exit.o)
                                         0x2d (size before relaxing)
 .comment       0x000000000000005b       0x2d /opt/microchip/xc8/v3.00/avr/bin/../lib/gcc/avr/5.4.0/../../../../avr/lib/avrxmega2/memx-const/mapped/libc.a(__sio_printf_s.o)
 .comment       0x000000000000005b       0x2d /opt/microchip/xc8/v3.00/avr/bin/../lib/gcc/avr/5.4.0/../../../../avr/lib/avrxmega2/memx-const/mapped/libc.a(__fmt_s.o)
 .comment       0x000000000000005b       0x2d /opt/microchip/xc8/v3.00/avr/bin/../lib/gcc/avr/5.4.0/../../../../avr/lib/avrxmega2/memx-const/mapped/libc.a(__printf_core.o)
 .comment       0x000000000000005b       0x2d /opt/microchip/xc8/v3.00/avr/bin/../lib/gcc/avr/5.4.0/../../../../avr/lib/avrxmega2/memx-const/mapped/libc.a(fputc.o)
 .comment       0x000000000000005b       0x2d /opt/microchip/xc8/v3.00/avr/bin/../lib/gcc/avr/5.4.0/../../../../avr/lib/avrxmega2/memx-const/mapped/libc.a(stdout.o)
 .comment       0x000000000000005b       0x2d /opt/microchip/xc8/v3.00/avr/bin/../lib/gcc/avr/5.4.0/../../../../avr/lib/avrxmega2/memx-const/mapped/libc.a(strlen.o)
 .comment       0x000000000000005b       0x2d /opt/microchip/xc8/v3.00/avr/bin/../lib/gcc/avr/5.4.0/../../../../avr/lib/avrxmega2/memx-const/mapped/libc.a(tolower.o)
 .comment       0x000000000000005b       0x2d /opt/microchip/xc8/v3.00/avr/bin/../lib/gcc/avr/5.4.0/../../../../avr/lib/avrxmega2/memx-const/mapped/libc.a(errno.o)
 .comment       0x000000000000005b       0x2d /opt/microchip/xc8/v3.00/avr/bin/../lib/gcc/avr/5.4.0/../../../../avr/lib/avrxmega2/memx-const/mapped/libc.a(_Exit.o)
 .comment       0x000000000000005b       0x2d /opt/microchip/xc8/v3.00/avr/bin/../lib/gcc/avr/5.4.0/../../../../avr/lib/avrxmega2/memx-const/mapped/libc.a(__int_vfprintf.o)

.stack.descriptors.hdr
                0x0000000000000000       0xa8
 .stack.descriptors.hdr
                0x0000000000000000        0xe /opt/microchip/xc8/v3.00/avr/bin/../lib/gcc/avr/5.4.0/../../../../avr/lib/avrxmega2/memx-const/mapped/libc.a(exit.o)
 .stack.descriptors.hdr
                0x000000000000000e        0xe /opt/microchip/xc8/v3.00/avr/bin/../lib/gcc/avr/5.4.0/../../../../avr/lib/avrxmega2/memx-const/mapped/libc.a(__sio_printf_s.o)
 .stack.descriptors.hdr
                0x000000000000001c        0xe /opt/microchip/xc8/v3.00/avr/bin/../lib/gcc/avr/5.4.0/../../../../avr/lib/avrxmega2/memx-const/mapped/libc.a(__fmt_s.o)
 .stack.descriptors.hdr
                0x000000000000002a        0xe /opt/microchip/xc8/v3.00/avr/bin/../lib/gcc/avr/5.4.0/../../../../avr/lib/avrxmega2/memx-const/mapped/libc.a(__printf_core.o)
 .stack.descriptors.hdr
                0x0000000000000038        0xe /opt/microchip/xc8/v3.00/avr/bin/../lib/gcc/avr/5.4.0/../../../../avr/lib/avrxmega2/memx-const/mapped/libc.a(fputc.o)
 .stack.descriptors.hdr
                0x0000000000000046        0xe /opt/microchip/xc8/v3.00/avr/bin/../lib/gcc/avr/5.4.0/../../../../avr/lib/avrxmega2/memx-const/mapped/libc.a(stdout.o)
 .stack.descriptors.hdr
                0x0000000000000054        0xe /opt/microchip/xc8/v3.00/avr/bin/../lib/gcc/avr/5.4.0/../../../../avr/lib/avrxmega2/memx-const/mapped/libc.a(strlen.o)
 .stack.descriptors.hdr
                0x0000000000000062        0xe /opt/microchip/xc8/v3.00/avr/bin/../lib/gcc/avr/5.4.0/../../../../avr/lib/avrxmega2/memx-const/mapped/libc.a(tolower.o)
 .stack.descriptors.hdr
                0x0000000000000070        0xe /opt/microchip/xc8/v3.00/avr/bin/../lib/gcc/avr/5.4.0/../../../../avr/lib/avrxmega2/memx-const/mapped/libc.a(errno.o)
 .stack.descriptors.hdr
                0x000000000000007e        0xe /opt/microchip/xc8/v3.00/avr/bin/../lib/gcc/avr/5.4.0/../../../../avr/lib/avrxmega2/memx-const/mapped/libc.a(_Exit.o)
 .stack.descriptors.hdr
                0x000000000000008c        0xe /opt/microchip/xc8/v3.00/avr/bin/../lib/gcc/avr/5.4.0/../../../../avr/lib/avrxmega2/memx-const/mapped/libc.a(__int_vfprintf.o)
 .stack.descriptors.hdr
                0x000000000000009a        0xe /opt/microchip/xc8/v3.00/avr/bin/../lib/gcc/avr/5.4.0/avrxmega2/memx-const/mapped/libgcc.a(_exit.o)

.note.GNU-stack
                0x0000000000000000        0x0
 .note.GNU-stack
                0x0000000000000000        0x0 /opt/microchip/xc8/v3.00/avr/bin/../lib/gcc/avr/5.4.0/../../../../avr/lib/avrxmega2/memx-const/mapped/libc.a(exit.o)
 .note.GNU-stack
                0x0000000000000000        0x0 /opt/microchip/xc8/v3.00/avr/bin/../lib/gcc/avr/5.4.0/../../../../avr/lib/avrxmega2/memx-const/mapped/libc.a(__sio_printf_s.o)
 .note.GNU-stack
                0x0000000000000000        0x0 /opt/microchip/xc8/v3.00/avr/bin/../lib/gcc/avr/5.4.0/../../../../avr/lib/avrxmega2/memx-const/mapped/libc.a(__fmt_s.o)
 .note.GNU-stack
                0x0000000000000000        0x0 /opt/microchip/xc8/v3.00/avr/bin/../lib/gcc/avr/5.4.0/../../../../avr/lib/avrxmega2/memx-const/mapped/libc.a(__printf_core.o)
 .note.GNU-stack
                0x0000000000000000        0x0 /opt/microchip/xc8/v3.00/avr/bin/../lib/gcc/avr/5.4.0/../../../../avr/lib/avrxmega2/memx-const/mapped/libc.a(fputc.o)
 .note.GNU-stack
                0x0000000000000000        0x0 /opt/microchip/xc8/v3.00/avr/bin/../lib/gcc/avr/5.4.0/../../../../avr/lib/avrxmega2/memx-const/mapped/libc.a(stdout.o)
 .note.GNU-stack
                0x0000000000000000        0x0 /opt/microchip/xc8/v3.00/avr/bin/../lib/gcc/avr/5.4.0/../../../../avr/lib/avrxmega2/memx-const/mapped/libc.a(strlen.o)
 .note.GNU-stack
                0x0000000000000000        0x0 /opt/microchip/xc8/v3.00/avr/bin/../lib/gcc/avr/5.4.0/../../../../avr/lib/avrxmega2/memx-const/mapped/libc.a(tolower.o)
 .note.GNU-stack
                0x0000000000000000        0x0 /opt/microchip/xc8/v3.00/avr/bin/../lib/gcc/avr/5.4.0/../../../../avr/lib/avrxmega2/memx-const/mapped/libc.a(errno.o)
 .note.GNU-stack
                0x0000000000000000        0x0 /opt/microchip/xc8/v3.00/avr/bin/../lib/gcc/avr/5.4.0/../../../../avr/lib/avrxmega2/memx-const/mapped/libc.a(_Exit.o)
 .note.GNU-stack
                0x0000000000000000        0x0 /opt/microchip/xc8/v3.00/avr/bin/../lib/gcc/avr/5.4.0/../../../../avr/lib/avrxmega2/memx-const/mapped/libc.a(__int_vfprintf.o)

.note.gnu.build-id
 *(.note.gnu.build-id)

.debug
 *(.debug)

.line
 *(.line)

.debug_srcinfo
 *(.debug_srcinfo)

.debug_sfnames
 *(.debug_sfnames)

.debug_aranges  0x0000000000000000      0x228
 *(.debug_aranges)
 .debug_aranges
                0x0000000000000000       0x30 build/default/debug/mcc_generated_files/system/src/clock.o
 .debug_aranges
                0x0000000000000030       0x20 build/default/debug/mcc_generated_files/system/src/interrupt.o
 .debug_aranges
                0x0000000000000050       0x20 build/default/debug/mcc_generated_files/system/src/protected_io.o
 .debug_aranges
                0x0000000000000070       0x18 build/default/debug/mcc_generated_files/system/src/config_bits.o
 .debug_aranges
                0x0000000000000088       0x20 build/default/debug/mcc_generated_files/system/src/system.o
 .debug_aranges
                0x00000000000000a8       0x20 build/default/debug/main.o
 .debug_aranges
                0x00000000000000c8       0x80 build/default/debug/mcc_generated_files/system/src/pins.o
 .debug_aranges
                0x0000000000000148       0xe0 build/default/debug/mcc_generated_files/uart/src/usart0.o

.debug_pubnames
 *(.debug_pubnames)

.debug_info     0x0000000000000000     0x6107
 *(.debug_info .gnu.linkonce.wi.*)
 .debug_info    0x0000000000000000     0x22a4 /opt/microchip/mplabx/v6.25/packs/Microchip/AVR-Dx_DFP/2.7.321/xc8/avr/lib/avrxmega2/memx-const/mapped/crtavr64dd32.o
 .debug_info    0x00000000000022a4      0xf4d build/default/debug/mcc_generated_files/system/src/clock.o
 .debug_info    0x00000000000031f1      0x446 build/default/debug/mcc_generated_files/system/src/interrupt.o
 .debug_info    0x0000000000003637       0xcd build/default/debug/mcc_generated_files/system/src/protected_io.o
 .debug_info    0x0000000000003704      0x93a build/default/debug/mcc_generated_files/system/src/config_bits.o
 .debug_info    0x000000000000403e      0x35f build/default/debug/mcc_generated_files/system/src/system.o
 .debug_info    0x000000000000439d      0x3db build/default/debug/main.o
 .debug_info    0x0000000000004778      0x9cd build/default/debug/mcc_generated_files/system/src/pins.o
 .debug_info    0x0000000000005145      0xfc2 build/default/debug/mcc_generated_files/uart/src/usart0.o

.debug_abbrev   0x0000000000000000     0x293d
 *(.debug_abbrev)
 .debug_abbrev  0x0000000000000000     0x20ce /opt/microchip/mplabx/v6.25/packs/Microchip/AVR-Dx_DFP/2.7.321/xc8/avr/lib/avrxmega2/memx-const/mapped/crtavr64dd32.o
 .debug_abbrev  0x00000000000020ce      0x135 build/default/debug/mcc_generated_files/system/src/clock.o
 .debug_abbrev  0x0000000000002203       0xfa build/default/debug/mcc_generated_files/system/src/interrupt.o
 .debug_abbrev  0x00000000000022fd       0x14 build/default/debug/mcc_generated_files/system/src/protected_io.o
 .debug_abbrev  0x0000000000002311       0x97 build/default/debug/mcc_generated_files/system/src/config_bits.o
 .debug_abbrev  0x00000000000023a8       0x58 build/default/debug/mcc_generated_files/system/src/system.o
 .debug_abbrev  0x0000000000002400       0xf1 build/default/debug/main.o
 .debug_abbrev  0x00000000000024f1      0x14a build/default/debug/mcc_generated_files/system/src/pins.o
 .debug_abbrev  0x000000000000263b      0x302 build/default/debug/mcc_generated_files/uart/src/usart0.o

.debug_line     0x0000000000000000     0x10f7
 *(.debug_line .debug_line.* .debug_line_end)
 .debug_line    0x0000000000000000      0x1aa /opt/microchip/mplabx/v6.25/packs/Microchip/AVR-Dx_DFP/2.7.321/xc8/avr/lib/avrxmega2/memx-const/mapped/crtavr64dd32.o
 .debug_line    0x00000000000001aa      0x1b7 build/default/debug/mcc_generated_files/system/src/clock.o
 .debug_line    0x0000000000000361      0x17d build/default/debug/mcc_generated_files/system/src/interrupt.o
 .debug_line    0x00000000000004de       0x6d build/default/debug/mcc_generated_files/system/src/protected_io.o
 .debug_line    0x000000000000054b       0xea build/default/debug/mcc_generated_files/system/src/config_bits.o
 .debug_line    0x0000000000000635       0xf3 build/default/debug/mcc_generated_files/system/src/system.o
 .debug_line    0x0000000000000728      0x174 build/default/debug/main.o
 .debug_line    0x000000000000089c      0x37b build/default/debug/mcc_generated_files/system/src/pins.o
 .debug_line    0x0000000000000c17      0x4e0 build/default/debug/mcc_generated_files/uart/src/usart0.o

.debug_frame    0x0000000000000000      0x3ec
 *(.debug_frame)
 .debug_frame   0x0000000000000000       0x44 build/default/debug/mcc_generated_files/system/src/clock.o
 .debug_frame   0x0000000000000044       0x24 build/default/debug/mcc_generated_files/system/src/interrupt.o
 .debug_frame   0x0000000000000068       0x24 build/default/debug/mcc_generated_files/system/src/system.o
 .debug_frame   0x000000000000008c       0x34 build/default/debug/main.o
 .debug_frame   0x00000000000000c0      0x180 build/default/debug/mcc_generated_files/system/src/pins.o
 .debug_frame   0x0000000000000240      0x1ac build/default/debug/mcc_generated_files/uart/src/usart0.o

.debug_str      0x0000000000000000      0xfbf
 *(.debug_str)
 .debug_str     0x0000000000000000      0xefb /opt/microchip/mplabx/v6.25/packs/Microchip/AVR-Dx_DFP/2.7.321/xc8/avr/lib/avrxmega2/memx-const/mapped/crtavr64dd32.o
 .debug_str     0x0000000000000efb       0x13 build/default/debug/mcc_generated_files/system/src/clock.o
 .debug_str     0x0000000000000f0e       0x13 build/default/debug/mcc_generated_files/system/src/interrupt.o
 .debug_str     0x0000000000000f21        0x0 build/default/debug/mcc_generated_files/system/src/config_bits.o
 .debug_str     0x0000000000000f21       0x4c build/default/debug/mcc_generated_files/system/src/system.o
 .debug_str     0x0000000000000f6d       0x12 build/default/debug/main.o
 .debug_str     0x0000000000000f7f       0x30 build/default/debug/mcc_generated_files/system/src/pins.o
 .debug_str     0x0000000000000faf       0x10 build/default/debug/mcc_generated_files/uart/src/usart0.o

.debug_loc      0x0000000000000000      0x372
 *(.debug_loc)
 .debug_loc     0x0000000000000000      0x23a build/default/debug/mcc_generated_files/system/src/clock.o
 .debug_loc     0x000000000000023a       0x2a build/default/debug/mcc_generated_files/system/src/interrupt.o
 .debug_loc     0x0000000000000264       0x48 build/default/debug/main.o
 .debug_loc     0x00000000000002ac       0xc6 build/default/debug/mcc_generated_files/uart/src/usart0.o

.debug_macinfo
 *(.debug_macinfo)

.debug_weaknames
 *(.debug_weaknames)

.debug_funcnames
 *(.debug_funcnames)

.debug_typenames
 *(.debug_typenames)

.debug_varnames
 *(.debug_varnames)

.debug_pubtypes
 *(.debug_pubtypes)

.debug_ranges   0x0000000000000000      0x190
 *(.debug_ranges)
 .debug_ranges  0x0000000000000000       0x20 build/default/debug/mcc_generated_files/system/src/clock.o
 .debug_ranges  0x0000000000000020       0x10 build/default/debug/mcc_generated_files/system/src/interrupt.o
 .debug_ranges  0x0000000000000030       0x10 build/default/debug/mcc_generated_files/system/src/system.o
 .debug_ranges  0x0000000000000040       0x10 build/default/debug/main.o
 .debug_ranges  0x0000000000000050       0x70 build/default/debug/mcc_generated_files/system/src/pins.o
 .debug_ranges  0x00000000000000c0       0xd0 build/default/debug/mcc_generated_files/uart/src/usart0.o

.debug_macro
 *(.debug_macro)
OUTPUT(dist/default/debug/UART-led.X.debug.elf elf32-avr)
LOAD linker stubs
LOAD data_init

.note.gnu.avr.deviceinfo
                0x0000000000000000       0x3c
 .note.gnu.avr.deviceinfo
                0x0000000000000000       0x3c /opt/microchip/mplabx/v6.25/packs/Microchip/AVR-Dx_DFP/2.7.321/xc8/avr/lib/avrxmega2/memx-const/mapped/crtavr64dd32.o

.bss.RIGHT_InterruptHandler
                0x0000000000806035        0x2
 .bss.RIGHT_InterruptHandler
                0x0000000000806035        0x2 build/default/debug/mcc_generated_files/system/src/pins.o

.bss.LEFT_InterruptHandler
                0x0000000000806037        0x2
 .bss.LEFT_InterruptHandler
                0x0000000000806037        0x2 build/default/debug/mcc_generated_files/system/src/pins.o

.bss.IO_PD4_InterruptHandler
                0x0000000000806039        0x2
 .bss.IO_PD4_InterruptHandler
                0x0000000000806039        0x2 build/default/debug/mcc_generated_files/system/src/pins.o

.bss.IO_PD5_InterruptHandler
                0x000000000080603b        0x2
 .bss.IO_PD5_InterruptHandler
                0x000000000080603b        0x2 build/default/debug/mcc_generated_files/system/src/pins.o

.bss.USART0_ParityErrorHandler
                0x000000000080603d        0x2
 .bss.USART0_ParityErrorHandler
                0x000000000080603d        0x2 build/default/debug/mcc_generated_files/uart/src/usart0.o

.bss.USART0_OverrunErrorHandler
                0x000000000080603f        0x2
 .bss.USART0_OverrunErrorHandler
                0x000000000080603f        0x2 build/default/debug/mcc_generated_files/uart/src/usart0.o

.bss.USART0_FramingErrorHandler
                0x0000000000806041        0x2
 .bss.USART0_FramingErrorHandler
                0x0000000000806041        0x2 build/default/debug/mcc_generated_files/uart/src/usart0.o

.bss.usart0RxLastError
                0x0000000000806043        0x2
 .bss.usart0RxLastError
                0x0000000000806043        0x2 build/default/debug/mcc_generated_files/uart/src/usart0.o

.bss.__stdout   0x0000000000806047        0x2
 .bss.__stdout  0x0000000000806047        0x2 /opt/microchip/xc8/v3.00/avr/bin/../lib/gcc/avr/5.4.0/../../../../avr/lib/avrxmega2/memx-const/mapped/libc.a(stdout.o)

.rodata         0x0000000000808114       0x10 load address 0x0000000000000114
 .rodata        0x0000000000808114       0x10 build/default/debug/main.o

.text.vfpfcnvrt
                0x0000000000000124      0x3fc
 .text.vfpfcnvrt
                0x0000000000000124      0x3fc /opt/microchip/xc8/v3.00/avr/bin/../lib/gcc/avr/5.4.0/../../../../avr/lib/avrxmega2/memx-const/mapped/libc.a(__printf_core.o)
                0x0000000000000124                vfpfcnvrt

.text.PIN_MANAGER_Initialize
                0x0000000000000520       0xe0
 .text.PIN_MANAGER_Initialize
                0x0000000000000520       0xe0 build/default/debug/mcc_generated_files/system/src/pins.o
                0x0000000000000520                PIN_MANAGER_Initialize

.text.fputc     0x0000000000000600       0x98
 .text.fputc    0x0000000000000600       0x98 /opt/microchip/xc8/v3.00/avr/bin/../lib/gcc/avr/5.4.0/../../../../avr/lib/avrxmega2/memx-const/mapped/libc.a(fputc.o)
                0x0000000000000600                putc
                0x0000000000000600                fputc

.text.CLOCK_Initialize
                0x0000000000000698       0x90
 .text.CLOCK_Initialize
                0x0000000000000698       0x90 build/default/debug/mcc_generated_files/system/src/clock.o
                0x0000000000000698                CLOCK_Initialize

.text.__printf_core
                0x0000000000000728       0x78
 .text.__printf_core
                0x0000000000000728       0x78 /opt/microchip/xc8/v3.00/avr/bin/../lib/gcc/avr/5.4.0/../../../../avr/lib/avrxmega2/memx-const/mapped/libc.a(__printf_core.o)
                0x0000000000000728                __printf_core

.text.__pad     0x00000000000007a0       0x72
 .text.__pad    0x00000000000007a0       0x72 /opt/microchip/xc8/v3.00/avr/bin/../lib/gcc/avr/5.4.0/../../../../avr/lib/avrxmega2/memx-const/mapped/libc.a(__printf_core.o)
                0x00000000000007a0                __pad

.text.main      0x0000000000000812       0x68
 .text.main     0x0000000000000812       0x68 build/default/debug/main.o
                0x0000000000000812                main

.text.__vector_29
                0x000000000000087a       0x64
 .text.__vector_29
                0x000000000000087a       0x64 build/default/debug/mcc_generated_files/system/src/pins.o
                0x000000000000087a                __vector_29

.text.__vector_24
                0x00000000000008de       0x64
 .text.__vector_24
                0x00000000000008de       0x64 build/default/debug/mcc_generated_files/system/src/pins.o
                0x00000000000008de                __vector_24

.text.USART0_Initialize
                0x0000000000000942       0x5c
 .text.USART0_Initialize
                0x0000000000000942       0x5c build/default/debug/mcc_generated_files/uart/src/usart0.o
                0x0000000000000942                USART0_Initialize

.text.read_prec_or_width
                0x000000000000099e       0x5c
 .text.read_prec_or_width
                0x000000000000099e       0x5c /opt/microchip/xc8/v3.00/avr/bin/../lib/gcc/avr/5.4.0/../../../../avr/lib/avrxmega2/memx-const/mapped/libc.a(__printf_core.o)

.text.__fmt_s   0x00000000000009fa       0x54
 .text.__fmt_s  0x00000000000009fa       0x54 /opt/microchip/xc8/v3.00/avr/bin/../lib/gcc/avr/5.4.0/../../../../avr/lib/avrxmega2/memx-const/mapped/libc.a(__fmt_s.o)
                0x00000000000009fa                __fmt_s_needed
                0x00000000000009fa                __fmt_s
                0x00000000000009fa                __fmt_0_needed

.text.__fmt_state
                0x0000000000000a4e       0x40
 .text.__fmt_state
                0x0000000000000a4e       0x40 /opt/microchip/xc8/v3.00/avr/bin/../lib/gcc/avr/5.4.0/../../../../avr/lib/avrxmega2/memx-const/mapped/libc.a(__printf_core.o)
                0x0000000000000a4e                __fmt_state

.text.__out     0x0000000000000a8e       0x3a
 .text.__out    0x0000000000000a8e       0x3a /opt/microchip/xc8/v3.00/avr/bin/../lib/gcc/avr/5.4.0/../../../../avr/lib/avrxmega2/memx-const/mapped/libc.a(__printf_core.o)
                0x0000000000000a8e                __out

.text.libgcc.prologue
                0x0000000000000ac8       0x32
 .text.libgcc.prologue
                0x0000000000000ac8       0x32 /opt/microchip/xc8/v3.00/avr/bin/../lib/gcc/avr/5.4.0/avrxmega2/memx-const/mapped/libgcc.a(_prologue.o)
                0x0000000000000ac8                __prologue_saves__

.text.__wrap_printf
                0x0000000000000afa       0x30
 .text.__wrap_printf
                0x0000000000000afa       0x30 /opt/microchip/xc8/v3.00/avr/bin/../lib/gcc/avr/5.4.0/../../../../avr/lib/avrxmega2/memx-const/mapped/libc.a(__sio_printf_s.o)
                0x0000000000000afa                _printf_s

.text.__vfprintf
                0x0000000000000b2a       0x30
 .text.__vfprintf
                0x0000000000000b2a       0x30 /opt/microchip/xc8/v3.00/avr/bin/../lib/gcc/avr/5.4.0/../../../../avr/lib/avrxmega2/memx-const/mapped/libc.a(__int_vfprintf.o)
                0x0000000000000b2a                __vfprintf

.text.libgcc.prologue
                0x0000000000000b5a       0x30
 .text.libgcc.prologue
                0x0000000000000b5a       0x30 /opt/microchip/xc8/v3.00/avr/bin/../lib/gcc/avr/5.4.0/avrxmega2/memx-const/mapped/libgcc.a(_epilogue.o)
                0x0000000000000b5a                __epilogue_restores__

.text.strlen    0x0000000000000b8a       0x1c
 .text.strlen   0x0000000000000b8a       0x1c /opt/microchip/xc8/v3.00/avr/bin/../lib/gcc/avr/5.4.0/../../../../avr/lib/avrxmega2/memx-const/mapped/libc.a(strlen.o)
                0x0000000000000b8a                strlen

.text.CPUINT_Initialize
                0x0000000000000ba6       0x18
 .text.CPUINT_Initialize
                0x0000000000000ba6       0x18 build/default/debug/mcc_generated_files/system/src/interrupt.o
                0x0000000000000ba6                CPUINT_Initialize

.text.USART0_printCHAR
                0x0000000000000bbe       0x18
 .text.USART0_printCHAR
                0x0000000000000bbe       0x18 build/default/debug/mcc_generated_files/uart/src/usart0.o
                0x0000000000000bbe                USART0_printCHAR

.text.exit      0x0000000000000bd6       0x16
 .text.exit     0x0000000000000bd6       0x16 /opt/microchip/xc8/v3.00/avr/bin/../lib/gcc/avr/5.4.0/../../../../avr/lib/avrxmega2/memx-const/mapped/libc.a(exit.o)
                0x0000000000000bd6                exit

.text.SYSTEM_Initialize
                0x0000000000000bec       0x12
 .text.SYSTEM_Initialize
                0x0000000000000bec       0x12 build/default/debug/mcc_generated_files/system/src/system.o
                0x0000000000000bec                SYSTEM_Initialize

.text.tolower   0x0000000000000bfe       0x10
 .text.tolower  0x0000000000000bfe       0x10 /opt/microchip/xc8/v3.00/avr/bin/../lib/gcc/avr/5.4.0/../../../../avr/lib/avrxmega2/memx-const/mapped/libc.a(tolower.o)
                0x0000000000000bfe                tolower

.text.USART0_IsTxReady
                0x0000000000000c0e        0xc
 .text.USART0_IsTxReady
                0x0000000000000c0e        0xc build/default/debug/mcc_generated_files/uart/src/usart0.o
                0x0000000000000c0e                USART0_IsTxReady

.text.__vector_8
                0x0000000000000c1a        0xa
 .text.__vector_8
                0x0000000000000c1a        0xa build/default/debug/mcc_generated_files/system/src/pins.o
                0x0000000000000c1a                __vector_8

.text.__vector_34
                0x0000000000000c24        0xa
 .text.__vector_34
                0x0000000000000c24        0xa build/default/debug/mcc_generated_files/system/src/pins.o
                0x0000000000000c24                __vector_34

.text.protected_write_io
                0x0000000000000c2e        0x8
 .text.protected_write_io
                0x0000000000000c2e        0x8 build/default/debug/mcc_generated_files/system/src/protected_io.o
                0x0000000000000c2e                protected_write_io

.text           0x0000000000000c36        0x4
 .text          0x0000000000000c36        0x4 /opt/microchip/mplabx/v6.25/packs/Microchip/AVR-Dx_DFP/2.7.321/xc8/avr/lib/avrxmega2/memx-const/mapped/crtavr64dd32.o
                0x0000000000000c36                __vector_22
                0x0000000000000c36                __vector_28
                0x0000000000000c36                __vector_1
                0x0000000000000c36                __vector_32
                0x0000000000000c36                __vector_12
                0x0000000000000c36                __bad_interrupt
                0x0000000000000c36                __vector_6
                0x0000000000000c36                __vector_31
                0x0000000000000c36                __vector_35
                0x0000000000000c36                __vector_3
                0x0000000000000c36                __vector_23
                0x0000000000000c36                __vector_30
                0x0000000000000c36                __vector_25
                0x0000000000000c36                __vector_11
                0x0000000000000c36                __vector_13
                0x0000000000000c36                __vector_17
                0x0000000000000c36                __vector_19
                0x0000000000000c36                __vector_7
                0x0000000000000c36                __vector_27
                0x0000000000000c36                __vector_5
                0x0000000000000c36                __vector_33
                0x0000000000000c36                __vector_4
                0x0000000000000c36                __vector_9
                0x0000000000000c36                __vector_2
                0x0000000000000c36                __vector_21
                0x0000000000000c36                __vector_15
                0x0000000000000c36                __vector_26
                0x0000000000000c36                __vector_14
                0x0000000000000c36                __vector_10
                0x0000000000000c36                __vector_16
                0x0000000000000c36                __vector_18
                0x0000000000000c36                __vector_20

.text._Exit     0x0000000000000c3a        0x4
 .text._Exit    0x0000000000000c3a        0x4 /opt/microchip/xc8/v3.00/avr/bin/../lib/gcc/avr/5.4.0/../../../../avr/lib/avrxmega2/memx-const/mapped/libc.a(_Exit.o)
                0x0000000000000c3a                _Exit

.text.IO_PD5_DefaultInterruptHandler
                0x0000000000000c3e        0x2
 .text.IO_PD5_DefaultInterruptHandler
                0x0000000000000c3e        0x2 build/default/debug/mcc_generated_files/system/src/pins.o
                0x0000000000000c3e                IO_PD5_DefaultInterruptHandler

.text.IO_PD4_DefaultInterruptHandler
                0x0000000000000c40        0x2
 .text.IO_PD4_DefaultInterruptHandler
                0x0000000000000c40        0x2 build/default/debug/mcc_generated_files/system/src/pins.o
                0x0000000000000c40                IO_PD4_DefaultInterruptHandler

.text.LEFT_DefaultInterruptHandler
                0x0000000000000c42        0x2
 .text.LEFT_DefaultInterruptHandler
                0x0000000000000c42        0x2 build/default/debug/mcc_generated_files/system/src/pins.o
                0x0000000000000c42                LEFT_DefaultInterruptHandler

.text.RIGHT_DefaultInterruptHandler
                0x0000000000000c44        0x2
 .text.RIGHT_DefaultInterruptHandler
                0x0000000000000c44        0x2 build/default/debug/mcc_generated_files/system/src/pins.o
                0x0000000000000c44                RIGHT_DefaultInterruptHandler

.text.USART0_DefaultFramingErrorCallback
                0x0000000000000c46        0x2
 .text.USART0_DefaultFramingErrorCallback
                0x0000000000000c46        0x2 build/default/debug/mcc_generated_files/uart/src/usart0.o

.text.USART0_DefaultOverrunErrorCallback
                0x0000000000000c48        0x2
 .text.USART0_DefaultOverrunErrorCallback
                0x0000000000000c48        0x2 build/default/debug/mcc_generated_files/uart/src/usart0.o

.text.USART0_DefaultParityErrorCallback
                0x0000000000000c4a        0x2
 .text.USART0_DefaultParityErrorCallback
                0x0000000000000c4a        0x2 build/default/debug/mcc_generated_files/uart/src/usart0.o

.text.__dummy_fini
                0x0000000000000c4c        0x2
 .text.__dummy_fini
                0x0000000000000c4c        0x2 /opt/microchip/xc8/v3.00/avr/bin/../lib/gcc/avr/5.4.0/../../../../avr/lib/avrxmega2/memx-const/mapped/libc.a(exit.o)
                0x0000000000000c4c                _fini

.text.__dummy_funcs_on_exit
                0x0000000000000c4e        0x2
 .text.__dummy_funcs_on_exit
                0x0000000000000c4e        0x2 /opt/microchip/xc8/v3.00/avr/bin/../lib/gcc/avr/5.4.0/../../../../avr/lib/avrxmega2/memx-const/mapped/libc.a(exit.o)
                0x0000000000000c4e                __funcs_on_exit

.text.__dummy_simulator_exit
                0x0000000000000c50        0x2
 .text.__dummy_simulator_exit
                0x0000000000000c50        0x2 /opt/microchip/xc8/v3.00/avr/bin/../lib/gcc/avr/5.4.0/../../../../avr/lib/avrxmega2/memx-const/mapped/libc.a(exit.o)
                0x0000000000000c50                __simulator_exit

.rodata.state_table
                0x0000000000806002       0x16 load address 0x0000000000000c52
 .rodata.state_table
                0x0000000000806002       0x16 /opt/microchip/xc8/v3.00/avr/bin/../lib/gcc/avr/5.4.0/../../../../avr/lib/avrxmega2/memx-const/mapped/libc.a(__printf_core.o)

.data.USART0_stream
                0x0000000000806018       0x10 load address 0x0000000000000c68
 .data.USART0_stream
                0x0000000000806018       0x10 build/default/debug/mcc_generated_files/uart/src/usart0.o
                0x0000000000806018                USART0_stream

.rodata.nuls.2781
                0x0000000000806028        0x7 load address 0x0000000000000c78
 .rodata.nuls.2781
                0x0000000000806028        0x7 /opt/microchip/xc8/v3.00/avr/bin/../lib/gcc/avr/5.4.0/../../../../avr/lib/avrxmega2/memx-const/mapped/libc.a(__fmt_s.o)

.rodata.nilstr.2962
                0x000000000080602f        0x6 load address 0x0000000000000c7f
 .rodata.nilstr.2962
                0x000000000080602f        0x6 /opt/microchip/xc8/v3.00/avr/bin/../lib/gcc/avr/5.4.0/../../../../avr/lib/avrxmega2/memx-const/mapped/libc.a(__printf_core.o)

.data._stdout   0x0000000000806045        0x2 load address 0x0000000000000c85
 .data._stdout  0x0000000000806045        0x2 /opt/microchip/xc8/v3.00/avr/bin/../lib/gcc/avr/5.4.0/../../../../avr/lib/avrxmega2/memx-const/mapped/libc.a(stdout.o)
                0x0000000000806045                _stdout
