Archive member included to satisfy reference by file (symbol)

/opt/microchip/xc8/v3.00/avr/bin/../lib/gcc/avr/5.4.0/avrxmega2/memx-const/mapped/libgcc.a(_copy_data.o)
                              build/default/debug/mcc_generated_files/system/src/config_bits.o (__do_copy_data)
/opt/microchip/xc8/v3.00/avr/bin/../lib/gcc/avr/5.4.0/../../../../avr/lib/avrxmega2/memx-const/mapped/libc.a(exit.o)
                              /opt/microchip/mplabx/v6.25/packs/Microchip/AVR-Dx_DFP/2.7.321/xc8/avr/lib/avrxmega2/memx-const/mapped/crtavr64dd32.o (exit)
/opt/microchip/xc8/v3.00/avr/bin/../lib/gcc/avr/5.4.0/../../../../avr/lib/avrxmega2/memx-const/mapped/libc.a(_Exit.o)
                              /opt/microchip/xc8/v3.00/avr/bin/../lib/gcc/avr/5.4.0/../../../../avr/lib/avrxmega2/memx-const/mapped/libc.a(exit.o) (_Exit)
/opt/microchip/xc8/v3.00/avr/bin/../lib/gcc/avr/5.4.0/avrxmega2/memx-const/mapped/libgcc.a(_exit.o)
                              /opt/microchip/xc8/v3.00/avr/bin/../lib/gcc/avr/5.4.0/../../../../avr/lib/avrxmega2/memx-const/mapped/libc.a(_Exit.o) (_exit)

Discarded input sections

 .data          0x0000000000000000        0x0 /opt/microchip/mplabx/v6.25/packs/Microchip/AVR-Dx_DFP/2.7.321/xc8/avr/lib/avrxmega2/memx-const/mapped/crtavr64dd32.o
 .bss           0x0000000000000000        0x0 /opt/microchip/mplabx/v6.25/packs/Microchip/AVR-Dx_DFP/2.7.321/xc8/avr/lib/avrxmega2/memx-const/mapped/crtavr64dd32.o
 .text          0x0000000000000000        0x0 build/default/debug/mcc_generated_files/system/src/clock.o
 .data          0x0000000000000000        0x0 build/default/debug/mcc_generated_files/system/src/clock.o
 .bss           0x0000000000000000        0x0 build/default/debug/mcc_generated_files/system/src/clock.o
 .text.CFD_Enable
                0x0000000000000000       0x10 build/default/debug/mcc_generated_files/system/src/clock.o
 .text.CFD_Disable
                0x0000000000000000       0x12 build/default/debug/mcc_generated_files/system/src/clock.o
 .text          0x0000000000000000        0x0 build/default/debug/mcc_generated_files/system/src/interrupt.o
 .data          0x0000000000000000        0x0 build/default/debug/mcc_generated_files/system/src/interrupt.o
 .bss           0x0000000000000000        0x0 build/default/debug/mcc_generated_files/system/src/interrupt.o
 .text          0x0000000000000000        0x0 build/default/debug/mcc_generated_files/system/src/system.o
 .data          0x0000000000000000        0x0 build/default/debug/mcc_generated_files/system/src/system.o
 .bss           0x0000000000000000        0x0 build/default/debug/mcc_generated_files/system/src/system.o
 .text          0x0000000000000000        0x0 build/default/debug/mcc_generated_files/system/src/config_bits.o
 .data          0x0000000000000000        0x0 build/default/debug/mcc_generated_files/system/src/config_bits.o
 .bss           0x0000000000000000        0x0 build/default/debug/mcc_generated_files/system/src/config_bits.o
 .text          0x0000000000000000        0x0 build/default/debug/mcc_generated_files/system/src/protected_io.o
 .data          0x0000000000000000        0x0 build/default/debug/mcc_generated_files/system/src/protected_io.o
 .bss           0x0000000000000000        0x0 build/default/debug/mcc_generated_files/system/src/protected_io.o
 .text          0x0000000000000000        0x0 build/default/debug/main.o
 .data          0x0000000000000000        0x0 build/default/debug/main.o
 .bss           0x0000000000000000        0x0 build/default/debug/main.o
 .text          0x0000000000000000        0x0 build/default/debug/mcc_generated_files/system/src/pins.o
 .data          0x0000000000000000        0x0 build/default/debug/mcc_generated_files/system/src/pins.o
 .bss           0x0000000000000000        0x0 build/default/debug/mcc_generated_files/system/src/pins.o
 .text.LEFT_SetInterruptHandler
                0x0000000000000000        0xa build/default/debug/mcc_generated_files/system/src/pins.o
 .text.RIGHT_SetInterruptHandler
                0x0000000000000000        0xa build/default/debug/mcc_generated_files/system/src/pins.o
 .text          0x0000000000000000        0x0 /opt/microchip/xc8/v3.00/avr/bin/../lib/gcc/avr/5.4.0/avrxmega2/memx-const/mapped/libgcc.a(_copy_data.o)
 .data          0x0000000000000000        0x0 /opt/microchip/xc8/v3.00/avr/bin/../lib/gcc/avr/5.4.0/avrxmega2/memx-const/mapped/libgcc.a(_copy_data.o)
 .bss           0x0000000000000000        0x0 /opt/microchip/xc8/v3.00/avr/bin/../lib/gcc/avr/5.4.0/avrxmega2/memx-const/mapped/libgcc.a(_copy_data.o)
 .text.libgcc.mul
                0x0000000000000000        0x0 /opt/microchip/xc8/v3.00/avr/bin/../lib/gcc/avr/5.4.0/avrxmega2/memx-const/mapped/libgcc.a(_copy_data.o)
 .text.libgcc.div
                0x0000000000000000        0x0 /opt/microchip/xc8/v3.00/avr/bin/../lib/gcc/avr/5.4.0/avrxmega2/memx-const/mapped/libgcc.a(_copy_data.o)
 .text.libgcc   0x0000000000000000        0x0 /opt/microchip/xc8/v3.00/avr/bin/../lib/gcc/avr/5.4.0/avrxmega2/memx-const/mapped/libgcc.a(_copy_data.o)
 .text.libgcc.prologue
                0x0000000000000000        0x0 /opt/microchip/xc8/v3.00/avr/bin/../lib/gcc/avr/5.4.0/avrxmega2/memx-const/mapped/libgcc.a(_copy_data.o)
 .text.libgcc.builtins
                0x0000000000000000        0x0 /opt/microchip/xc8/v3.00/avr/bin/../lib/gcc/avr/5.4.0/avrxmega2/memx-const/mapped/libgcc.a(_copy_data.o)
 .text.libgcc.fmul
                0x0000000000000000        0x0 /opt/microchip/xc8/v3.00/avr/bin/../lib/gcc/avr/5.4.0/avrxmega2/memx-const/mapped/libgcc.a(_copy_data.o)
 .text.libgcc.fixed
                0x0000000000000000        0x0 /opt/microchip/xc8/v3.00/avr/bin/../lib/gcc/avr/5.4.0/avrxmega2/memx-const/mapped/libgcc.a(_copy_data.o)
 .text          0x0000000000000000        0x0 /opt/microchip/xc8/v3.00/avr/bin/../lib/gcc/avr/5.4.0/../../../../avr/lib/avrxmega2/memx-const/mapped/libc.a(exit.o)
 .data          0x0000000000000000        0x0 /opt/microchip/xc8/v3.00/avr/bin/../lib/gcc/avr/5.4.0/../../../../avr/lib/avrxmega2/memx-const/mapped/libc.a(exit.o)
 .bss           0x0000000000000000        0x0 /opt/microchip/xc8/v3.00/avr/bin/../lib/gcc/avr/5.4.0/../../../../avr/lib/avrxmega2/memx-const/mapped/libc.a(exit.o)
 .stack.descriptors
                0x0000000000000000       0x73 /opt/microchip/xc8/v3.00/avr/bin/../lib/gcc/avr/5.4.0/../../../../avr/lib/avrxmega2/memx-const/mapped/libc.a(exit.o)
 .text          0x0000000000000000        0x0 /opt/microchip/xc8/v3.00/avr/bin/../lib/gcc/avr/5.4.0/../../../../avr/lib/avrxmega2/memx-const/mapped/libc.a(_Exit.o)
 .data          0x0000000000000000        0x0 /opt/microchip/xc8/v3.00/avr/bin/../lib/gcc/avr/5.4.0/../../../../avr/lib/avrxmega2/memx-const/mapped/libc.a(_Exit.o)
 .bss           0x0000000000000000        0x0 /opt/microchip/xc8/v3.00/avr/bin/../lib/gcc/avr/5.4.0/../../../../avr/lib/avrxmega2/memx-const/mapped/libc.a(_Exit.o)
 .stack.descriptors
                0x0000000000000000       0x13 /opt/microchip/xc8/v3.00/avr/bin/../lib/gcc/avr/5.4.0/../../../../avr/lib/avrxmega2/memx-const/mapped/libc.a(_Exit.o)
 .text          0x0000000000000000        0x0 /opt/microchip/xc8/v3.00/avr/bin/../lib/gcc/avr/5.4.0/avrxmega2/memx-const/mapped/libgcc.a(_exit.o)
 .data          0x0000000000000000        0x0 /opt/microchip/xc8/v3.00/avr/bin/../lib/gcc/avr/5.4.0/avrxmega2/memx-const/mapped/libgcc.a(_exit.o)
 .bss           0x0000000000000000        0x0 /opt/microchip/xc8/v3.00/avr/bin/../lib/gcc/avr/5.4.0/avrxmega2/memx-const/mapped/libgcc.a(_exit.o)
 .text.libgcc.mul
                0x0000000000000000        0x0 /opt/microchip/xc8/v3.00/avr/bin/../lib/gcc/avr/5.4.0/avrxmega2/memx-const/mapped/libgcc.a(_exit.o)
 .text.libgcc.div
                0x0000000000000000        0x0 /opt/microchip/xc8/v3.00/avr/bin/../lib/gcc/avr/5.4.0/avrxmega2/memx-const/mapped/libgcc.a(_exit.o)
 .text.libgcc   0x0000000000000000        0x0 /opt/microchip/xc8/v3.00/avr/bin/../lib/gcc/avr/5.4.0/avrxmega2/memx-const/mapped/libgcc.a(_exit.o)
 .text.libgcc.prologue
                0x0000000000000000        0x0 /opt/microchip/xc8/v3.00/avr/bin/../lib/gcc/avr/5.4.0/avrxmega2/memx-const/mapped/libgcc.a(_exit.o)
 .stack.descriptors
                0x0000000000000000       0x13 /opt/microchip/xc8/v3.00/avr/bin/../lib/gcc/avr/5.4.0/avrxmega2/memx-const/mapped/libgcc.a(_exit.o)
 .text.libgcc.builtins
                0x0000000000000000        0x0 /opt/microchip/xc8/v3.00/avr/bin/../lib/gcc/avr/5.4.0/avrxmega2/memx-const/mapped/libgcc.a(_exit.o)
 .text.libgcc.fmul
                0x0000000000000000        0x0 /opt/microchip/xc8/v3.00/avr/bin/../lib/gcc/avr/5.4.0/avrxmega2/memx-const/mapped/libgcc.a(_exit.o)
 .text.libgcc.fixed
                0x0000000000000000        0x0 /opt/microchip/xc8/v3.00/avr/bin/../lib/gcc/avr/5.4.0/avrxmega2/memx-const/mapped/libgcc.a(_exit.o)

Memory Configuration

Name             Origin             Length             Attributes
text             0x0000000000000000 0x0000000000010000 xr
data             0x0000000000806000 0x0000000000002000 rw !x
eeprom           0x0000000000810000 0x0000000000000100 rw !x
fuse             0x0000000000820000 0x0000000000000010 rw !x
lock             0x0000000000830000 0x0000000000000400 rw !x
signature        0x0000000000840000 0x0000000000000400 rw !x
user_signatures  0x0000000000850000 0x0000000000000400 rw !x
bootrow          0x0000000000860000 0x0000000000000400 rw !x
*default*        0x0000000000000000 0xffffffffffffffff

Linker script and memory map

Address of section .data set to 0x806000
                0x0000000000008000                __RODATA_PM_OFFSET__ = 0x8000
LOAD /opt/microchip/mplabx/v6.25/packs/Microchip/AVR-Dx_DFP/2.7.321/xc8/avr/lib/avrxmega2/memx-const/mapped/crtavr64dd32.o
                0x0000000000000001                __MPLAB_BUILD = 0x1
LOAD build/default/debug/mcc_generated_files/system/src/clock.o
LOAD build/default/debug/mcc_generated_files/system/src/interrupt.o
LOAD build/default/debug/mcc_generated_files/system/src/system.o
LOAD build/default/debug/mcc_generated_files/system/src/config_bits.o
LOAD build/default/debug/mcc_generated_files/system/src/protected_io.o
LOAD build/default/debug/main.o
LOAD build/default/debug/mcc_generated_files/system/src/pins.o
START GROUP
LOAD /opt/microchip/xc8/v3.00/avr/bin/../lib/gcc/avr/5.4.0/../../../../avr/lib/avrxmega2/memx-const/mapped/libm.a
END GROUP
                0x0000000000000001                __MPLAB_DEBUG = 0x1
                0x0000000000000001                __DEBUG = 0x1
                0x0000000000000001                __MPLAB_DEBUGGER_SIMULATOR = 0x1
START GROUP
LOAD /opt/microchip/xc8/v3.00/avr/bin/../lib/gcc/avr/5.4.0/avrxmega2/memx-const/mapped/libgcc.a
LOAD /opt/microchip/xc8/v3.00/avr/bin/../lib/gcc/avr/5.4.0/../../../../avr/lib/avrxmega2/memx-const/mapped/libm.a
LOAD /opt/microchip/xc8/v3.00/avr/bin/../lib/gcc/avr/5.4.0/../../../../avr/lib/avrxmega2/memx-const/mapped/libc.a
LOAD /opt/microchip/mplabx/v6.25/packs/Microchip/AVR-Dx_DFP/2.7.321/xc8/avr/lib/avrxmega2/memx-const/mapped/libavr64dd32.a
END GROUP
                [0x0000000000000000]                __TEXT_REGION_ORIGIN__ = DEFINED (__TEXT_REGION_ORIGIN__)?__TEXT_REGION_ORIGIN__:0x0
                [0x0000000000806000]                __DATA_REGION_ORIGIN__ = DEFINED (__DATA_REGION_ORIGIN__)?__DATA_REGION_ORIGIN__:0x802000
                [0x0000000000010000]                __TEXT_REGION_LENGTH__ = DEFINED (__TEXT_REGION_LENGTH__)?__TEXT_REGION_LENGTH__:0x100000
                [0x0000000000002000]                __DATA_REGION_LENGTH__ = DEFINED (__DATA_REGION_LENGTH__)?__DATA_REGION_LENGTH__:0xffa0
                [0x0000000000000100]                __EEPROM_REGION_LENGTH__ = DEFINED (__EEPROM_REGION_LENGTH__)?__EEPROM_REGION_LENGTH__:0x10000
                [0x0000000000000010]                __FUSE_REGION_LENGTH__ = DEFINED (__FUSE_REGION_LENGTH__)?__FUSE_REGION_LENGTH__:0x400
                0x0000000000000400                __LOCK_REGION_LENGTH__ = DEFINED (__LOCK_REGION_LENGTH__)?__LOCK_REGION_LENGTH__:0x400
                0x0000000000000400                __SIGNATURE_REGION_LENGTH__ = DEFINED (__SIGNATURE_REGION_LENGTH__)?__SIGNATURE_REGION_LENGTH__:0x400
                0x0000000000000400                __USER_SIGNATURE_REGION_LENGTH__ = DEFINED (__USER_SIGNATURE_REGION_LENGTH__)?__USER_SIGNATURE_REGION_LENGTH__:0x400
                0x0000000000000400                __BOOTROW_REGION_LENGTH__ = DEFINED (__BOOTROW_REGION_LENGTH__)?__BOOTROW_REGION_LENGTH__:0x400

.hash
 *(.hash)

.dynsym
 *(.dynsym)

.dynstr
 *(.dynstr)

.gnu.version
 *(.gnu.version)

.gnu.version_d
 *(.gnu.version_d)

.gnu.version_r
 *(.gnu.version_r)

.rel.init
 *(.rel.init)

.rela.init
 *(.rela.init)

.rel.text
 *(.rel.text)
 *(.rel.text.*)
 *(.rel.gnu.linkonce.t*)

.rela.text
 *(.rela.text)
 *(.rela.text.*)
 *(.rela.gnu.linkonce.t*)

.rel.fini
 *(.rel.fini)

.rela.fini
 *(.rela.fini)

.rel.rodata
 *(.rel.rodata)
 *(.rel.rodata.*)
 *(.rel.gnu.linkonce.r*)

.rela.rodata
 *(.rela.rodata)
 *(.rela.rodata.*)
 *(.rela.gnu.linkonce.r*)

.rel.data
 *(.rel.data)
 *(.rel.data.*)
 *(.rel.gnu.linkonce.d*)

.rela.data
 *(.rela.data)
 *(.rela.data.*)
 *(.rela.gnu.linkonce.d*)

.rel.ctors
 *(.rel.ctors)

.rela.ctors
 *(.rela.ctors)

.rel.dtors
 *(.rel.dtors)

.rela.dtors
 *(.rela.dtors)

.rel.got
 *(.rel.got)

.rela.got
 *(.rela.got)

.rel.bss
 *(.rel.bss)

.rela.bss
 *(.rela.bss)

.rel.plt
 *(.rel.plt)

.rela.plt
 *(.rela.plt)

.text           0x0000000000000000       0xfc
 *(.vectors)
 .vectors       0x0000000000000000       0x90 /opt/microchip/mplabx/v6.25/packs/Microchip/AVR-Dx_DFP/2.7.321/xc8/avr/lib/avrxmega2/memx-const/mapped/crtavr64dd32.o
                0x0000000000000000                __vectors
                0x0000000000000000                __vector_default
 *(.vectors)
 *(.progmem.gcc*)
 *(.dinit)
 .dinit         0x0000000000000090        0x5 data_init
                0x0000000000000096                . = ALIGN (0x2)
 *fill*         0x0000000000000095        0x1 
                0x0000000000000096                __trampolines_start = .
 *(.trampolines)
 .trampolines   0x0000000000000096        0x0 linker stubs
 *(.trampolines*)
                0x0000000000000096                __trampolines_end = .
 *libprintf_flt.a:*(.progmem.data)
 *libc.a:*(.progmem.data)
                0x0000000000000096                . = ALIGN (0x2)
 *(.jumptables)
 *(.jumptables*)
 *(.lowtext)
 *(.lowtext*)
                0x0000000000000096                __ctors_start = .
 *(.ctors)
                0x0000000000000096                __ctors_end = .
                0x0000000000000096                __dtors_start = .
 *(.dtors)
                0x0000000000000096                __dtors_end = .
 SORT(*)(.ctors)
 SORT(*)(.dtors)
 *(.init0)
 .init0         0x0000000000000096        0x0 /opt/microchip/mplabx/v6.25/packs/Microchip/AVR-Dx_DFP/2.7.321/xc8/avr/lib/avrxmega2/memx-const/mapped/crtavr64dd32.o
                0x0000000000000096                __init
 *(.init0)
 *(.init1)
 .init1         0x0000000000000096       0x12 /opt/microchip/mplabx/v6.25/packs/Microchip/AVR-Dx_DFP/2.7.321/xc8/avr/lib/avrxmega2/memx-const/mapped/crtavr64dd32.o
 *(.init1)
 *(.init2)
 .init2         0x00000000000000a8        0xc /opt/microchip/mplabx/v6.25/packs/Microchip/AVR-Dx_DFP/2.7.321/xc8/avr/lib/avrxmega2/memx-const/mapped/crtavr64dd32.o
 *(.init2)
 *(.init3)
 *(.init3)
 *(.init4)
 .init4         0x00000000000000b4       0x3c /opt/microchip/xc8/v3.00/avr/bin/../lib/gcc/avr/5.4.0/avrxmega2/memx-const/mapped/libgcc.a(_copy_data.o)
                0x00000000000000b4                __do_copy_data
                0x00000000000000e2                __do_clear_bss
 *(.init4)
 *(.init5)
 *(.init5)
 *(.init6)
 *(.init6)
 *(.init7)
 *(.init7)
 *(.init8)
 *(.init8)
 *(.init9)
 .init9         0x00000000000000f0        0x8 /opt/microchip/mplabx/v6.25/packs/Microchip/AVR-Dx_DFP/2.7.321/xc8/avr/lib/avrxmega2/memx-const/mapped/crtavr64dd32.o
 *(.init9)
                0x00000000000000f8                . = ALIGN (0x2)
 *(.fini9)
 .fini9         0x00000000000000f8        0x0 /opt/microchip/xc8/v3.00/avr/bin/../lib/gcc/avr/5.4.0/avrxmega2/memx-const/mapped/libgcc.a(_exit.o)
                0x00000000000000f8                _exit
 *(.fini9)
 *(.fini8)
 *(.fini8)
 *(.fini7)
 *(.fini7)
 *(.fini6)
 *(.fini6)
 *(.fini5)
 *(.fini5)
 *(.fini4)
 *(.fini4)
 *(.fini3)
 *(.fini3)
 *(.fini2)
 *(.fini2)
 *(.fini1)
 *(.fini1)
 *(.fini0)
 .fini0         0x00000000000000f8        0x4 /opt/microchip/xc8/v3.00/avr/bin/../lib/gcc/avr/5.4.0/avrxmega2/memx-const/mapped/libgcc.a(_exit.o)
 *(.fini0)
                0x00000000000000fc                _etext = .

.data           0x0000000000806000        0x0 load address 0x00000000000000fc
                [!provide]                        PROVIDE (__data_start, .)
 *(.gnu.linkonce.d*)
 *(.gnu.linkonce.r*)
                0x0000000000806000                . = ALIGN (0x2)
                0x0000000000806000                _edata = .
                [!provide]                        PROVIDE (__data_end, .)

.bss            0x0000000000806000        0x0
                [!provide]                        PROVIDE (__bss_start, .)
 *(COMMON)
                [!provide]                        PROVIDE (__bss_end, .)
                0x00000000000000fc                __data_load_start = LOADADDR (.data)
                0x00000000000000fc                __data_load_end = (__data_load_start + SIZEOF (.data))

.noinit         0x0000000000806000        0x0
                [!provide]                        PROVIDE (__noinit_start, .)
 *(.noinit*)
                [!provide]                        PROVIDE (__noinit_end, .)
                0x0000000000806000                _end = .

.eeprom         0x0000000000810000        0x0
 *(.eeprom*)
                0x0000000000810000                __eeprom_end = .

.fuse           0x0000000000820000        0x9
 *(.fuse)
 .fuse          0x0000000000820000        0x9 build/default/debug/mcc_generated_files/system/src/config_bits.o
                0x0000000000820000                __fuse
 *(.lfuse)
 *(.hfuse)
 *(.efuse)

.lock
 *(.lock*)

.signature
 *(.signature*)

.user_signatures
 *(.user_signatures*)

.bootrow
 *(.bootrow*)

.stab
 *(.stab)

.stabstr
 *(.stabstr)

.stab.excl
 *(.stab.excl)

.stab.exclstr
 *(.stab.exclstr)

.stab.index
 *(.stab.index)

.stab.indexstr
 *(.stab.indexstr)

.comment        0x0000000000000000       0x5b
 *(.comment)
 .comment       0x0000000000000000       0x2f build/default/debug/mcc_generated_files/system/src/clock.o
                                         0x30 (size before relaxing)
 .comment       0x000000000000002f       0x30 build/default/debug/mcc_generated_files/system/src/interrupt.o
 .comment       0x000000000000002f       0x30 build/default/debug/mcc_generated_files/system/src/system.o
 .comment       0x000000000000002f       0x30 build/default/debug/mcc_generated_files/system/src/config_bits.o
 .comment       0x000000000000002f       0x30 build/default/debug/main.o
 .comment       0x000000000000002f       0x30 build/default/debug/mcc_generated_files/system/src/pins.o
 .comment       0x000000000000002f       0x2c /opt/microchip/xc8/v3.00/avr/bin/../lib/gcc/avr/5.4.0/../../../../avr/lib/avrxmega2/memx-const/mapped/libc.a(exit.o)
                                         0x2d (size before relaxing)
 .comment       0x000000000000005b       0x2d /opt/microchip/xc8/v3.00/avr/bin/../lib/gcc/avr/5.4.0/../../../../avr/lib/avrxmega2/memx-const/mapped/libc.a(_Exit.o)

.stack.descriptors.hdr
                0x0000000000000000       0x2a
 .stack.descriptors.hdr
                0x0000000000000000        0xe /opt/microchip/xc8/v3.00/avr/bin/../lib/gcc/avr/5.4.0/../../../../avr/lib/avrxmega2/memx-const/mapped/libc.a(exit.o)
 .stack.descriptors.hdr
                0x000000000000000e        0xe /opt/microchip/xc8/v3.00/avr/bin/../lib/gcc/avr/5.4.0/../../../../avr/lib/avrxmega2/memx-const/mapped/libc.a(_Exit.o)
 .stack.descriptors.hdr
                0x000000000000001c        0xe /opt/microchip/xc8/v3.00/avr/bin/../lib/gcc/avr/5.4.0/avrxmega2/memx-const/mapped/libgcc.a(_exit.o)

.note.GNU-stack
                0x0000000000000000        0x0
 .note.GNU-stack
                0x0000000000000000        0x0 /opt/microchip/xc8/v3.00/avr/bin/../lib/gcc/avr/5.4.0/../../../../avr/lib/avrxmega2/memx-const/mapped/libc.a(exit.o)
 .note.GNU-stack
                0x0000000000000000        0x0 /opt/microchip/xc8/v3.00/avr/bin/../lib/gcc/avr/5.4.0/../../../../avr/lib/avrxmega2/memx-const/mapped/libc.a(_Exit.o)

.note.gnu.build-id
 *(.note.gnu.build-id)

.debug
 *(.debug)

.line
 *(.line)

.debug_srcinfo
 *(.debug_srcinfo)

.debug_sfnames
 *(.debug_sfnames)

.debug_aranges  0x0000000000000000      0x128
 *(.debug_aranges)
 .debug_aranges
                0x0000000000000000       0x30 build/default/debug/mcc_generated_files/system/src/clock.o
 .debug_aranges
                0x0000000000000030       0x20 build/default/debug/mcc_generated_files/system/src/interrupt.o
 .debug_aranges
                0x0000000000000050       0x20 build/default/debug/mcc_generated_files/system/src/system.o
 .debug_aranges
                0x0000000000000070       0x18 build/default/debug/mcc_generated_files/system/src/config_bits.o
 .debug_aranges
                0x0000000000000088       0x20 build/default/debug/mcc_generated_files/system/src/protected_io.o
 .debug_aranges
                0x00000000000000a8       0x20 build/default/debug/main.o
 .debug_aranges
                0x00000000000000c8       0x60 build/default/debug/mcc_generated_files/system/src/pins.o

.debug_pubnames
 *(.debug_pubnames)

.debug_info     0x0000000000000000     0x4f67
 *(.debug_info .gnu.linkonce.wi.*)
 .debug_info    0x0000000000000000     0x22a4 /opt/microchip/mplabx/v6.25/packs/Microchip/AVR-Dx_DFP/2.7.321/xc8/avr/lib/avrxmega2/memx-const/mapped/crtavr64dd32.o
 .debug_info    0x00000000000022a4      0xf4e build/default/debug/mcc_generated_files/system/src/clock.o
 .debug_info    0x00000000000031f2      0x447 build/default/debug/mcc_generated_files/system/src/interrupt.o
 .debug_info    0x0000000000003639      0x32f build/default/debug/mcc_generated_files/system/src/system.o
 .debug_info    0x0000000000003968      0x93b build/default/debug/mcc_generated_files/system/src/config_bits.o
 .debug_info    0x00000000000042a3       0xce build/default/debug/mcc_generated_files/system/src/protected_io.o
 .debug_info    0x0000000000004371      0x3a6 build/default/debug/main.o
 .debug_info    0x0000000000004717      0x850 build/default/debug/mcc_generated_files/system/src/pins.o

.debug_abbrev   0x0000000000000000     0x2629
 *(.debug_abbrev)
 .debug_abbrev  0x0000000000000000     0x20ce /opt/microchip/mplabx/v6.25/packs/Microchip/AVR-Dx_DFP/2.7.321/xc8/avr/lib/avrxmega2/memx-const/mapped/crtavr64dd32.o
 .debug_abbrev  0x00000000000020ce      0x135 build/default/debug/mcc_generated_files/system/src/clock.o
 .debug_abbrev  0x0000000000002203       0xfa build/default/debug/mcc_generated_files/system/src/interrupt.o
 .debug_abbrev  0x00000000000022fd       0x58 build/default/debug/mcc_generated_files/system/src/system.o
 .debug_abbrev  0x0000000000002355       0x97 build/default/debug/mcc_generated_files/system/src/config_bits.o
 .debug_abbrev  0x00000000000023ec       0x14 build/default/debug/mcc_generated_files/system/src/protected_io.o
 .debug_abbrev  0x0000000000002400       0xdf build/default/debug/main.o
 .debug_abbrev  0x00000000000024df      0x14a build/default/debug/mcc_generated_files/system/src/pins.o

.debug_line     0x0000000000000000      0xb13
 *(.debug_line .debug_line.* .debug_line_end)
 .debug_line    0x0000000000000000      0x1aa /opt/microchip/mplabx/v6.25/packs/Microchip/AVR-Dx_DFP/2.7.321/xc8/avr/lib/avrxmega2/memx-const/mapped/crtavr64dd32.o
 .debug_line    0x00000000000001aa      0x1b7 build/default/debug/mcc_generated_files/system/src/clock.o
 .debug_line    0x0000000000000361      0x17d build/default/debug/mcc_generated_files/system/src/interrupt.o
 .debug_line    0x00000000000004de       0xb7 build/default/debug/mcc_generated_files/system/src/system.o
 .debug_line    0x0000000000000595       0xea build/default/debug/mcc_generated_files/system/src/config_bits.o
 .debug_line    0x000000000000067f       0x6d build/default/debug/mcc_generated_files/system/src/protected_io.o
 .debug_line    0x00000000000006ec      0x120 build/default/debug/main.o
 .debug_line    0x000000000000080c      0x307 build/default/debug/mcc_generated_files/system/src/pins.o

.debug_frame    0x0000000000000000      0x1a8
 *(.debug_frame)
 .debug_frame   0x0000000000000000       0x44 build/default/debug/mcc_generated_files/system/src/clock.o
 .debug_frame   0x0000000000000044       0x24 build/default/debug/mcc_generated_files/system/src/interrupt.o
 .debug_frame   0x0000000000000068       0x24 build/default/debug/mcc_generated_files/system/src/system.o
 .debug_frame   0x000000000000008c       0x24 build/default/debug/main.o
 .debug_frame   0x00000000000000b0       0xf8 build/default/debug/mcc_generated_files/system/src/pins.o

.debug_str      0x0000000000000000      0xf9d
 *(.debug_str)
 .debug_str     0x0000000000000000      0xefb /opt/microchip/mplabx/v6.25/packs/Microchip/AVR-Dx_DFP/2.7.321/xc8/avr/lib/avrxmega2/memx-const/mapped/crtavr64dd32.o
 .debug_str     0x0000000000000efb       0x13 build/default/debug/mcc_generated_files/system/src/clock.o
 .debug_str     0x0000000000000f0e       0x13 build/default/debug/mcc_generated_files/system/src/interrupt.o
 .debug_str     0x0000000000000f21       0x3a build/default/debug/mcc_generated_files/system/src/system.o
 .debug_str     0x0000000000000f5b        0x0 build/default/debug/mcc_generated_files/system/src/config_bits.o
 .debug_str     0x0000000000000f5b       0x12 build/default/debug/main.o
 .debug_str     0x0000000000000f6d       0x30 build/default/debug/mcc_generated_files/system/src/pins.o

.debug_loc      0x0000000000000000      0x2ac
 *(.debug_loc)
 .debug_loc     0x0000000000000000      0x23a build/default/debug/mcc_generated_files/system/src/clock.o
 .debug_loc     0x000000000000023a       0x2a build/default/debug/mcc_generated_files/system/src/interrupt.o
 .debug_loc     0x0000000000000264       0x48 build/default/debug/main.o

.debug_macinfo
 *(.debug_macinfo)

.debug_weaknames
 *(.debug_weaknames)

.debug_funcnames
 *(.debug_funcnames)

.debug_typenames
 *(.debug_typenames)

.debug_varnames
 *(.debug_varnames)

.debug_pubtypes
 *(.debug_pubtypes)

.debug_ranges   0x0000000000000000       0xa0
 *(.debug_ranges)
 .debug_ranges  0x0000000000000000       0x20 build/default/debug/mcc_generated_files/system/src/clock.o
 .debug_ranges  0x0000000000000020       0x10 build/default/debug/mcc_generated_files/system/src/interrupt.o
 .debug_ranges  0x0000000000000030       0x10 build/default/debug/mcc_generated_files/system/src/system.o
 .debug_ranges  0x0000000000000040       0x10 build/default/debug/main.o
 .debug_ranges  0x0000000000000050       0x50 build/default/debug/mcc_generated_files/system/src/pins.o

.debug_macro
 *(.debug_macro)
OUTPUT(dist/default/debug/Led-Blink.X.debug.elf elf32-avr)
LOAD linker stubs
LOAD data_init

.note.gnu.avr.deviceinfo
                0x0000000000000000       0x3c
 .note.gnu.avr.deviceinfo
                0x0000000000000000       0x3c /opt/microchip/mplabx/v6.25/packs/Microchip/AVR-Dx_DFP/2.7.321/xc8/avr/lib/avrxmega2/memx-const/mapped/crtavr64dd32.o

.bss.RIGHT_InterruptHandler
                0x0000000000806000        0x2
 .bss.RIGHT_InterruptHandler
                0x0000000000806000        0x2 build/default/debug/mcc_generated_files/system/src/pins.o

.bss.LEFT_InterruptHandler
                0x0000000000806002        0x2
 .bss.LEFT_InterruptHandler
                0x0000000000806002        0x2 build/default/debug/mcc_generated_files/system/src/pins.o

.text.PIN_MANAGER_Initialize
                0x00000000000000fc       0xc6
 .text.PIN_MANAGER_Initialize
                0x00000000000000fc       0xc6 build/default/debug/mcc_generated_files/system/src/pins.o
                0x00000000000000fc                PIN_MANAGER_Initialize

.text.CLOCK_Initialize
                0x00000000000001c2       0x90
 .text.CLOCK_Initialize
                0x00000000000001c2       0x90 build/default/debug/mcc_generated_files/system/src/clock.o
                0x00000000000001c2                CLOCK_Initialize

.text.__vector_29
                0x0000000000000252       0x64
 .text.__vector_29
                0x0000000000000252       0x64 build/default/debug/mcc_generated_files/system/src/pins.o
                0x0000000000000252                __vector_29

.text.main      0x00000000000002b6       0x2c
 .text.main     0x00000000000002b6       0x2c build/default/debug/main.o
                0x00000000000002b6                main

.text.CPUINT_Initialize
                0x00000000000002e2       0x18
 .text.CPUINT_Initialize
                0x00000000000002e2       0x18 build/default/debug/mcc_generated_files/system/src/interrupt.o
                0x00000000000002e2                CPUINT_Initialize

.text.exit      0x00000000000002fa       0x16
 .text.exit     0x00000000000002fa       0x16 /opt/microchip/xc8/v3.00/avr/bin/../lib/gcc/avr/5.4.0/../../../../avr/lib/avrxmega2/memx-const/mapped/libc.a(exit.o)
                0x00000000000002fa                exit

.text.SYSTEM_Initialize
                0x0000000000000310        0xe
 .text.SYSTEM_Initialize
                0x0000000000000310        0xe build/default/debug/mcc_generated_files/system/src/system.o
                0x0000000000000310                SYSTEM_Initialize

.text.__vector_8
                0x000000000000031e        0xa
 .text.__vector_8
                0x000000000000031e        0xa build/default/debug/mcc_generated_files/system/src/pins.o
                0x000000000000031e                __vector_8

.text.__vector_24
                0x0000000000000328        0xa
 .text.__vector_24
                0x0000000000000328        0xa build/default/debug/mcc_generated_files/system/src/pins.o
                0x0000000000000328                __vector_24

.text.__vector_34
                0x0000000000000332        0xa
 .text.__vector_34
                0x0000000000000332        0xa build/default/debug/mcc_generated_files/system/src/pins.o
                0x0000000000000332                __vector_34

.text.protected_write_io
                0x000000000000033c        0x8
 .text.protected_write_io
                0x000000000000033c        0x8 build/default/debug/mcc_generated_files/system/src/protected_io.o
                0x000000000000033c                protected_write_io

.text           0x0000000000000344        0x4
 .text          0x0000000000000344        0x4 /opt/microchip/mplabx/v6.25/packs/Microchip/AVR-Dx_DFP/2.7.321/xc8/avr/lib/avrxmega2/memx-const/mapped/crtavr64dd32.o
                0x0000000000000344                __vector_22
                0x0000000000000344                __vector_28
                0x0000000000000344                __vector_1
                0x0000000000000344                __vector_32
                0x0000000000000344                __vector_12
                0x0000000000000344                __bad_interrupt
                0x0000000000000344                __vector_6
                0x0000000000000344                __vector_31
                0x0000000000000344                __vector_35
                0x0000000000000344                __vector_3
                0x0000000000000344                __vector_23
                0x0000000000000344                __vector_30
                0x0000000000000344                __vector_25
                0x0000000000000344                __vector_11
                0x0000000000000344                __vector_13
                0x0000000000000344                __vector_17
                0x0000000000000344                __vector_19
                0x0000000000000344                __vector_7
                0x0000000000000344                __vector_27
                0x0000000000000344                __vector_5
                0x0000000000000344                __vector_33
                0x0000000000000344                __vector_4
                0x0000000000000344                __vector_9
                0x0000000000000344                __vector_2
                0x0000000000000344                __vector_21
                0x0000000000000344                __vector_15
                0x0000000000000344                __vector_26
                0x0000000000000344                __vector_14
                0x0000000000000344                __vector_10
                0x0000000000000344                __vector_16
                0x0000000000000344                __vector_18
                0x0000000000000344                __vector_20

.text._Exit     0x0000000000000348        0x4
 .text._Exit    0x0000000000000348        0x4 /opt/microchip/xc8/v3.00/avr/bin/../lib/gcc/avr/5.4.0/../../../../avr/lib/avrxmega2/memx-const/mapped/libc.a(_Exit.o)
                0x0000000000000348                _Exit

.text.LEFT_DefaultInterruptHandler
                0x000000000000034c        0x2
 .text.LEFT_DefaultInterruptHandler
                0x000000000000034c        0x2 build/default/debug/mcc_generated_files/system/src/pins.o
                0x000000000000034c                LEFT_DefaultInterruptHandler

.text.RIGHT_DefaultInterruptHandler
                0x000000000000034e        0x2
 .text.RIGHT_DefaultInterruptHandler
                0x000000000000034e        0x2 build/default/debug/mcc_generated_files/system/src/pins.o
                0x000000000000034e                RIGHT_DefaultInterruptHandler

.text.__dummy_fini
                0x0000000000000350        0x2
 .text.__dummy_fini
                0x0000000000000350        0x2 /opt/microchip/xc8/v3.00/avr/bin/../lib/gcc/avr/5.4.0/../../../../avr/lib/avrxmega2/memx-const/mapped/libc.a(exit.o)
                0x0000000000000350                _fini

.text.__dummy_funcs_on_exit
                0x0000000000000352        0x2
 .text.__dummy_funcs_on_exit
                0x0000000000000352        0x2 /opt/microchip/xc8/v3.00/avr/bin/../lib/gcc/avr/5.4.0/../../../../avr/lib/avrxmega2/memx-const/mapped/libc.a(exit.o)
                0x0000000000000352                __funcs_on_exit

.text.__dummy_simulator_exit
                0x0000000000000354        0x2
 .text.__dummy_simulator_exit
                0x0000000000000354        0x2 /opt/microchip/xc8/v3.00/avr/bin/../lib/gcc/avr/5.4.0/../../../../avr/lib/avrxmega2/memx-const/mapped/libc.a(exit.o)
                0x0000000000000354                __simulator_exit
